13:26:12 **** Incremental Build of configuration Debug for project F46 ****
make all 
arm-none-eabi-gcc -c "C:/Users/wolfg/git/grbl32/stm32/inoutputs.c" -mcpu=cortex-m4 -std=gnu11 -g3 -DUSE_FULL_LL_DRIVER '-D__weak=__attribute__((weak))' '-D__packed=__attribute__((__packed__))' -DUSE_HAL_DRIVER -DSTM32F407xx -DSTM32 -DSTM32F4 -DSTM32F46 -DSTM32F4_6 -c -I../Inc -I../Drivers/STM32F4xx_HAL_Driver/Inc -I../Drivers/STM32F4xx_HAL_Driver/Inc/Legacy -I../Drivers/CMSIS/Device/ST/STM32F4xx/Include -I../Drivers/CMSIS/Include -I"C:/Users/wolfg/git/grbl32/grbl" -I"C:/Users/wolfg/git/grbl32/stm32" -Os -ffunction-sections -fdata-sections -Wall -fstack-usage -MMD -MP -MF"stm32/inoutputs.d" -MT"stm32/inoutputs.o" --specs=nano.specs -mfpu=fpv4-sp-d16 -mfloat-abi=hard -mthumb -o "stm32/inoutputs.o"
arm-none-eabi-gcc -c "C:/Users/wolfg/git/grbl32/stm32/lcd-i2c.c" -mcpu=cortex-m4 -std=gnu11 -g3 -DUSE_FULL_LL_DRIVER '-D__weak=__attribute__((weak))' '-D__packed=__attribute__((__packed__))' -DUSE_HAL_DRIVER -DSTM32F407xx -DSTM32 -DSTM32F4 -DSTM32F46 -DSTM32F4_6 -c -I../Inc -I../Drivers/STM32F4xx_HAL_Driver/Inc -I../Drivers/STM32F4xx_HAL_Driver/Inc/Legacy -I../Drivers/CMSIS/Device/ST/STM32F4xx/Include -I../Drivers/CMSIS/Include -I"C:/Users/wolfg/git/grbl32/grbl" -I"C:/Users/wolfg/git/grbl32/stm32" -Os -ffunction-sections -fdata-sections -Wall -fstack-usage -MMD -MP -MF"stm32/lcd-i2c.d" -MT"stm32/lcd-i2c.o" --specs=nano.specs -mfpu=fpv4-sp-d16 -mfloat-abi=hard -mthumb -o "stm32/lcd-i2c.o"
arm-none-eabi-gcc -c "C:/Users/wolfg/git/grbl32/stm32/stm32utilities.c" -mcpu=cortex-m4 -std=gnu11 -g3 -DUSE_FULL_LL_DRIVER '-D__weak=__attribute__((weak))' '-D__packed=__attribute__((__packed__))' -DUSE_HAL_DRIVER -DSTM32F407xx -DSTM32 -DSTM32F4 -DSTM32F46 -DSTM32F4_6 -c -I../Inc -I../Drivers/STM32F4xx_HAL_Driver/Inc -I../Drivers/STM32F4xx_HAL_Driver/Inc/Legacy -I../Drivers/CMSIS/Device/ST/STM32F4xx/Include -I../Drivers/CMSIS/Include -I"C:/Users/wolfg/git/grbl32/grbl" -I"C:/Users/wolfg/git/grbl32/stm32" -Os -ffunction-sections -fdata-sections -Wall -fstack-usage -MMD -MP -MF"stm32/stm32utilities.d" -MT"stm32/stm32utilities.o" --specs=nano.specs -mfpu=fpv4-sp-d16 -mfloat-abi=hard -mthumb -o "stm32/stm32utilities.o"
arm-none-eabi-gcc -c "C:/Users/wolfg/git/grbl32/grbl/coolant_control.c" -mcpu=cortex-m4 -std=gnu11 -g3 -DUSE_FULL_LL_DRIVER '-D__weak=__attribute__((weak))' '-D__packed=__attribute__((__packed__))' -DUSE_HAL_DRIVER -DSTM32F407xx -DSTM32 -DSTM32F4 -DSTM32F46 -DSTM32F4_6 -c -I../Inc -I../Drivers/STM32F4xx_HAL_Driver/Inc -I../Drivers/STM32F4xx_HAL_Driver/Inc/Legacy -I../Drivers/CMSIS/Device/ST/STM32F4xx/Include -I../Drivers/CMSIS/Include -I"C:/Users/wolfg/git/grbl32/grbl" -I"C:/Users/wolfg/git/grbl32/stm32" -Os -ffunction-sections -fdata-sections -Wall -fstack-usage -MMD -MP -MF"grbl/coolant_control.d" -MT"grbl/coolant_control.o" --specs=nano.specs -mfpu=fpv4-sp-d16 -mfloat-abi=hard -mthumb -o "grbl/coolant_control.o"
arm-none-eabi-gcc -c "C:/Users/wolfg/git/grbl32/grbl/eeprom.c" -mcpu=cortex-m4 -std=gnu11 -g3 -DUSE_FULL_LL_DRIVER '-D__weak=__attribute__((weak))' '-D__packed=__attribute__((__packed__))' -DUSE_HAL_DRIVER -DSTM32F407xx -DSTM32 -DSTM32F4 -DSTM32F46 -DSTM32F4_6 -c -I../Inc -I../Drivers/STM32F4xx_HAL_Driver/Inc -I../Drivers/STM32F4xx_HAL_Driver/Inc/Legacy -I../Drivers/CMSIS/Device/ST/STM32F4xx/Include -I../Drivers/CMSIS/Include -I"C:/Users/wolfg/git/grbl32/grbl" -I"C:/Users/wolfg/git/grbl32/stm32" -Os -ffunction-sections -fdata-sections -Wall -fstack-usage -MMD -MP -MF"grbl/eeprom.d" -MT"grbl/eeprom.o" --specs=nano.specs -mfpu=fpv4-sp-d16 -mfloat-abi=hard -mthumb -o "grbl/eeprom.o"
C:/Users/wolfg/git/grbl32/grbl/eeprom.c: In function 'memcpy_to_eeprom_with_checksum':
C:/Users/wolfg/git/grbl32/grbl/eeprom.c:232:26: warning: '<<' in boolean context, did you mean '<'? [-Wint-in-bool-context]
  232 |     checksum = (checksum << 1) || (checksum >> 7);
      |                ~~~~~~~~~~^~~~~
C:/Users/wolfg/git/grbl32/grbl/eeprom.c: In function 'memcpy_from_eeprom_with_checksum':
C:/Users/wolfg/git/grbl32/grbl/eeprom.c:248:26: warning: '<<' in boolean context, did you mean '<'? [-Wint-in-bool-context]
  248 |     checksum = (checksum << 1) || (checksum >> 7);
      |                ~~~~~~~~~~^~~~~
arm-none-eabi-gcc -c "C:/Users/wolfg/git/grbl32/grbl/gcode.c" -mcpu=cortex-m4 -std=gnu11 -g3 -DUSE_FULL_LL_DRIVER '-D__weak=__attribute__((weak))' '-D__packed=__attribute__((__packed__))' -DUSE_HAL_DRIVER -DSTM32F407xx -DSTM32 -DSTM32F4 -DSTM32F46 -DSTM32F4_6 -c -I../Inc -I../Drivers/STM32F4xx_HAL_Driver/Inc -I../Drivers/STM32F4xx_HAL_Driver/Inc/Legacy -I../Drivers/CMSIS/Device/ST/STM32F4xx/Include -I../Drivers/CMSIS/Include -I"C:/Users/wolfg/git/grbl32/grbl" -I"C:/Users/wolfg/git/grbl32/stm32" -Os -ffunction-sections -fdata-sections -Wall -fstack-usage -MMD -MP -MF"grbl/gcode.d" -MT"grbl/gcode.o" --specs=nano.specs -mfpu=fpv4-sp-d16 -mfloat-abi=hard -mthumb -o "grbl/gcode.o"
arm-none-eabi-gcc -c "C:/Users/wolfg/git/grbl32/grbl/jog.c" -mcpu=cortex-m4 -std=gnu11 -g3 -DUSE_FULL_LL_DRIVER '-D__weak=__attribute__((weak))' '-D__packed=__attribute__((__packed__))' -DUSE_HAL_DRIVER -DSTM32F407xx -DSTM32 -DSTM32F4 -DSTM32F46 -DSTM32F4_6 -c -I../Inc -I../Drivers/STM32F4xx_HAL_Driver/Inc -I../Drivers/STM32F4xx_HAL_Driver/Inc/Legacy -I../Drivers/CMSIS/Device/ST/STM32F4xx/Include -I../Drivers/CMSIS/Include -I"C:/Users/wolfg/git/grbl32/grbl" -I"C:/Users/wolfg/git/grbl32/stm32" -Os -ffunction-sections -fdata-sections -Wall -fstack-usage -MMD -MP -MF"grbl/jog.d" -MT"grbl/jog.o" --specs=nano.specs -mfpu=fpv4-sp-d16 -mfloat-abi=hard -mthumb -o "grbl/jog.o"
arm-none-eabi-gcc -c "C:/Users/wolfg/git/grbl32/grbl/limits.c" -mcpu=cortex-m4 -std=gnu11 -g3 -DUSE_FULL_LL_DRIVER '-D__weak=__attribute__((weak))' '-D__packed=__attribute__((__packed__))' -DUSE_HAL_DRIVER -DSTM32F407xx -DSTM32 -DSTM32F4 -DSTM32F46 -DSTM32F4_6 -c -I../Inc -I../Drivers/STM32F4xx_HAL_Driver/Inc -I../Drivers/STM32F4xx_HAL_Driver/Inc/Legacy -I../Drivers/CMSIS/Device/ST/STM32F4xx/Include -I../Drivers/CMSIS/Include -I"C:/Users/wolfg/git/grbl32/grbl" -I"C:/Users/wolfg/git/grbl32/stm32" -Os -ffunction-sections -fdata-sections -Wall -fstack-usage -MMD -MP -MF"grbl/limits.d" -MT"grbl/limits.o" --specs=nano.specs -mfpu=fpv4-sp-d16 -mfloat-abi=hard -mthumb -o "grbl/limits.o"
arm-none-eabi-gcc -c "C:/Users/wolfg/git/grbl32/grbl/motion_control.c" -mcpu=cortex-m4 -std=gnu11 -g3 -DUSE_FULL_LL_DRIVER '-D__weak=__attribute__((weak))' '-D__packed=__attribute__((__packed__))' -DUSE_HAL_DRIVER -DSTM32F407xx -DSTM32 -DSTM32F4 -DSTM32F46 -DSTM32F4_6 -c -I../Inc -I../Drivers/STM32F4xx_HAL_Driver/Inc -I../Drivers/STM32F4xx_HAL_Driver/Inc/Legacy -I../Drivers/CMSIS/Device/ST/STM32F4xx/Include -I../Drivers/CMSIS/Include -I"C:/Users/wolfg/git/grbl32/grbl" -I"C:/Users/wolfg/git/grbl32/stm32" -Os -ffunction-sections -fdata-sections -Wall -fstack-usage -MMD -MP -MF"grbl/motion_control.d" -MT"grbl/motion_control.o" --specs=nano.specs -mfpu=fpv4-sp-d16 -mfloat-abi=hard -mthumb -o "grbl/motion_control.o"
arm-none-eabi-gcc -c "C:/Users/wolfg/git/grbl32/grbl/nuts_bolts.c" -mcpu=cortex-m4 -std=gnu11 -g3 -DUSE_FULL_LL_DRIVER '-D__weak=__attribute__((weak))' '-D__packed=__attribute__((__packed__))' -DUSE_HAL_DRIVER -DSTM32F407xx -DSTM32 -DSTM32F4 -DSTM32F46 -DSTM32F4_6 -c -I../Inc -I../Drivers/STM32F4xx_HAL_Driver/Inc -I../Drivers/STM32F4xx_HAL_Driver/Inc/Legacy -I../Drivers/CMSIS/Device/ST/STM32F4xx/Include -I../Drivers/CMSIS/Include -I"C:/Users/wolfg/git/grbl32/grbl" -I"C:/Users/wolfg/git/grbl32/stm32" -Os -ffunction-sections -fdata-sections -Wall -fstack-usage -MMD -MP -MF"grbl/nuts_bolts.d" -MT"grbl/nuts_bolts.o" --specs=nano.specs -mfpu=fpv4-sp-d16 -mfloat-abi=hard -mthumb -o "grbl/nuts_bolts.o"
arm-none-eabi-gcc -c "C:/Users/wolfg/git/grbl32/grbl/planner.c" -mcpu=cortex-m4 -std=gnu11 -g3 -DUSE_FULL_LL_DRIVER '-D__weak=__attribute__((weak))' '-D__packed=__attribute__((__packed__))' -DUSE_HAL_DRIVER -DSTM32F407xx -DSTM32 -DSTM32F4 -DSTM32F46 -DSTM32F4_6 -c -I../Inc -I../Drivers/STM32F4xx_HAL_Driver/Inc -I../Drivers/STM32F4xx_HAL_Driver/Inc/Legacy -I../Drivers/CMSIS/Device/ST/STM32F4xx/Include -I../Drivers/CMSIS/Include -I"C:/Users/wolfg/git/grbl32/grbl" -I"C:/Users/wolfg/git/grbl32/stm32" -Os -ffunction-sections -fdata-sections -Wall -fstack-usage -MMD -MP -MF"grbl/planner.d" -MT"grbl/planner.o" --specs=nano.specs -mfpu=fpv4-sp-d16 -mfloat-abi=hard -mthumb -o "grbl/planner.o"
arm-none-eabi-gcc -c "C:/Users/wolfg/git/grbl32/grbl/print.c" -mcpu=cortex-m4 -std=gnu11 -g3 -DUSE_FULL_LL_DRIVER '-D__weak=__attribute__((weak))' '-D__packed=__attribute__((__packed__))' -DUSE_HAL_DRIVER -DSTM32F407xx -DSTM32 -DSTM32F4 -DSTM32F46 -DSTM32F4_6 -c -I../Inc -I../Drivers/STM32F4xx_HAL_Driver/Inc -I../Drivers/STM32F4xx_HAL_Driver/Inc/Legacy -I../Drivers/CMSIS/Device/ST/STM32F4xx/Include -I../Drivers/CMSIS/Include -I"C:/Users/wolfg/git/grbl32/grbl" -I"C:/Users/wolfg/git/grbl32/stm32" -Os -ffunction-sections -fdata-sections -Wall -fstack-usage -MMD -MP -MF"grbl/print.d" -MT"grbl/print.o" --specs=nano.specs -mfpu=fpv4-sp-d16 -mfloat-abi=hard -mthumb -o "grbl/print.o"
arm-none-eabi-gcc -c "C:/Users/wolfg/git/grbl32/grbl/probe.c" -mcpu=cortex-m4 -std=gnu11 -g3 -DUSE_FULL_LL_DRIVER '-D__weak=__attribute__((weak))' '-D__packed=__attribute__((__packed__))' -DUSE_HAL_DRIVER -DSTM32F407xx -DSTM32 -DSTM32F4 -DSTM32F46 -DSTM32F4_6 -c -I../Inc -I../Drivers/STM32F4xx_HAL_Driver/Inc -I../Drivers/STM32F4xx_HAL_Driver/Inc/Legacy -I../Drivers/CMSIS/Device/ST/STM32F4xx/Include -I../Drivers/CMSIS/Include -I"C:/Users/wolfg/git/grbl32/grbl" -I"C:/Users/wolfg/git/grbl32/stm32" -Os -ffunction-sections -fdata-sections -Wall -fstack-usage -MMD -MP -MF"grbl/probe.d" -MT"grbl/probe.o" --specs=nano.specs -mfpu=fpv4-sp-d16 -mfloat-abi=hard -mthumb -o "grbl/probe.o"
arm-none-eabi-gcc -c "C:/Users/wolfg/git/grbl32/grbl/protocol.c" -mcpu=cortex-m4 -std=gnu11 -g3 -DUSE_FULL_LL_DRIVER '-D__weak=__attribute__((weak))' '-D__packed=__attribute__((__packed__))' -DUSE_HAL_DRIVER -DSTM32F407xx -DSTM32 -DSTM32F4 -DSTM32F46 -DSTM32F4_6 -c -I../Inc -I../Drivers/STM32F4xx_HAL_Driver/Inc -I../Drivers/STM32F4xx_HAL_Driver/Inc/Legacy -I../Drivers/CMSIS/Device/ST/STM32F4xx/Include -I../Drivers/CMSIS/Include -I"C:/Users/wolfg/git/grbl32/grbl" -I"C:/Users/wolfg/git/grbl32/stm32" -Os -ffunction-sections -fdata-sections -Wall -fstack-usage -MMD -MP -MF"grbl/protocol.d" -MT"grbl/protocol.o" --specs=nano.specs -mfpu=fpv4-sp-d16 -mfloat-abi=hard -mthumb -o "grbl/protocol.o"
arm-none-eabi-gcc -c "C:/Users/wolfg/git/grbl32/grbl/report.c" -mcpu=cortex-m4 -std=gnu11 -g3 -DUSE_FULL_LL_DRIVER '-D__weak=__attribute__((weak))' '-D__packed=__attribute__((__packed__))' -DUSE_HAL_DRIVER -DSTM32F407xx -DSTM32 -DSTM32F4 -DSTM32F46 -DSTM32F4_6 -c -I../Inc -I../Drivers/STM32F4xx_HAL_Driver/Inc -I../Drivers/STM32F4xx_HAL_Driver/Inc/Legacy -I../Drivers/CMSIS/Device/ST/STM32F4xx/Include -I../Drivers/CMSIS/Include -I"C:/Users/wolfg/git/grbl32/grbl" -I"C:/Users/wolfg/git/grbl32/stm32" -Os -ffunction-sections -fdata-sections -Wall -fstack-usage -MMD -MP -MF"grbl/report.d" -MT"grbl/report.o" --specs=nano.specs -mfpu=fpv4-sp-d16 -mfloat-abi=hard -mthumb -o "grbl/report.o"
arm-none-eabi-gcc -c "C:/Users/wolfg/git/grbl32/grbl/serial.c" -mcpu=cortex-m4 -std=gnu11 -g3 -DUSE_FULL_LL_DRIVER '-D__weak=__attribute__((weak))' '-D__packed=__attribute__((__packed__))' -DUSE_HAL_DRIVER -DSTM32F407xx -DSTM32 -DSTM32F4 -DSTM32F46 -DSTM32F4_6 -c -I../Inc -I../Drivers/STM32F4xx_HAL_Driver/Inc -I../Drivers/STM32F4xx_HAL_Driver/Inc/Legacy -I../Drivers/CMSIS/Device/ST/STM32F4xx/Include -I../Drivers/CMSIS/Include -I"C:/Users/wolfg/git/grbl32/grbl" -I"C:/Users/wolfg/git/grbl32/stm32" -Os -ffunction-sections -fdata-sections -Wall -fstack-usage -MMD -MP -MF"grbl/serial.d" -MT"grbl/serial.o" --specs=nano.specs -mfpu=fpv4-sp-d16 -mfloat-abi=hard -mthumb -o "grbl/serial.o"
arm-none-eabi-gcc -c "C:/Users/wolfg/git/grbl32/grbl/settings.c" -mcpu=cortex-m4 -std=gnu11 -g3 -DUSE_FULL_LL_DRIVER '-D__weak=__attribute__((weak))' '-D__packed=__attribute__((__packed__))' -DUSE_HAL_DRIVER -DSTM32F407xx -DSTM32 -DSTM32F4 -DSTM32F46 -DSTM32F4_6 -c -I../Inc -I../Drivers/STM32F4xx_HAL_Driver/Inc -I../Drivers/STM32F4xx_HAL_Driver/Inc/Legacy -I../Drivers/CMSIS/Device/ST/STM32F4xx/Include -I../Drivers/CMSIS/Include -I"C:/Users/wolfg/git/grbl32/grbl" -I"C:/Users/wolfg/git/grbl32/stm32" -Os -ffunction-sections -fdata-sections -Wall -fstack-usage -MMD -MP -MF"grbl/settings.d" -MT"grbl/settings.o" --specs=nano.specs -mfpu=fpv4-sp-d16 -mfloat-abi=hard -mthumb -o "grbl/settings.o"
arm-none-eabi-gcc -c "C:/Users/wolfg/git/grbl32/grbl/spindle_control.c" -mcpu=cortex-m4 -std=gnu11 -g3 -DUSE_FULL_LL_DRIVER '-D__weak=__attribute__((weak))' '-D__packed=__attribute__((__packed__))' -DUSE_HAL_DRIVER -DSTM32F407xx -DSTM32 -DSTM32F4 -DSTM32F46 -DSTM32F4_6 -c -I../Inc -I../Drivers/STM32F4xx_HAL_Driver/Inc -I../Drivers/STM32F4xx_HAL_Driver/Inc/Legacy -I../Drivers/CMSIS/Device/ST/STM32F4xx/Include -I../Drivers/CMSIS/Include -I"C:/Users/wolfg/git/grbl32/grbl" -I"C:/Users/wolfg/git/grbl32/stm32" -Os -ffunction-sections -fdata-sections -Wall -fstack-usage -MMD -MP -MF"grbl/spindle_control.d" -MT"grbl/spindle_control.o" --specs=nano.specs -mfpu=fpv4-sp-d16 -mfloat-abi=hard -mthumb -o "grbl/spindle_control.o"
arm-none-eabi-gcc -c "C:/Users/wolfg/git/grbl32/grbl/stepper.c" -mcpu=cortex-m4 -std=gnu11 -g3 -DUSE_FULL_LL_DRIVER '-D__weak=__attribute__((weak))' '-D__packed=__attribute__((__packed__))' -DUSE_HAL_DRIVER -DSTM32F407xx -DSTM32 -DSTM32F4 -DSTM32F46 -DSTM32F4_6 -c -I../Inc -I../Drivers/STM32F4xx_HAL_Driver/Inc -I../Drivers/STM32F4xx_HAL_Driver/Inc/Legacy -I../Drivers/CMSIS/Device/ST/STM32F4xx/Include -I../Drivers/CMSIS/Include -I"C:/Users/wolfg/git/grbl32/grbl" -I"C:/Users/wolfg/git/grbl32/stm32" -Os -ffunction-sections -fdata-sections -Wall -fstack-usage -MMD -MP -MF"grbl/stepper.d" -MT"grbl/stepper.o" --specs=nano.specs -mfpu=fpv4-sp-d16 -mfloat-abi=hard -mthumb -o "grbl/stepper.o"
arm-none-eabi-gcc -c "C:/Users/wolfg/git/grbl32/grbl/system.c" -mcpu=cortex-m4 -std=gnu11 -g3 -DUSE_FULL_LL_DRIVER '-D__weak=__attribute__((weak))' '-D__packed=__attribute__((__packed__))' -DUSE_HAL_DRIVER -DSTM32F407xx -DSTM32 -DSTM32F4 -DSTM32F46 -DSTM32F4_6 -c -I../Inc -I../Drivers/STM32F4xx_HAL_Driver/Inc -I../Drivers/STM32F4xx_HAL_Driver/Inc/Legacy -I../Drivers/CMSIS/Device/ST/STM32F4xx/Include -I../Drivers/CMSIS/Include -I"C:/Users/wolfg/git/grbl32/grbl" -I"C:/Users/wolfg/git/grbl32/stm32" -Os -ffunction-sections -fdata-sections -Wall -fstack-usage -MMD -MP -MF"grbl/system.d" -MT"grbl/system.o" --specs=nano.specs -mfpu=fpv4-sp-d16 -mfloat-abi=hard -mthumb -o "grbl/system.o"
arm-none-eabi-gcc -c "../Src/gpio.c" -mcpu=cortex-m4 -std=gnu11 -g3 -DUSE_FULL_LL_DRIVER '-D__weak=__attribute__((weak))' '-D__packed=__attribute__((__packed__))' -DUSE_HAL_DRIVER -DSTM32F407xx -DSTM32 -DSTM32F4 -DSTM32F46 -DSTM32F4_6 -c -I../Inc -I../Drivers/STM32F4xx_HAL_Driver/Inc -I../Drivers/STM32F4xx_HAL_Driver/Inc/Legacy -I../Drivers/CMSIS/Device/ST/STM32F4xx/Include -I../Drivers/CMSIS/Include -I"C:/Users/wolfg/git/grbl32/grbl" -I"C:/Users/wolfg/git/grbl32/stm32" -Os -ffunction-sections -fdata-sections -Wall -fstack-usage -MMD -MP -MF"Src/gpio.d" -MT"Src/gpio.o" --specs=nano.specs -mfpu=fpv4-sp-d16 -mfloat-abi=hard -mthumb -o "Src/gpio.o"
arm-none-eabi-gcc -c "../Src/i2c.c" -mcpu=cortex-m4 -std=gnu11 -g3 -DUSE_FULL_LL_DRIVER '-D__weak=__attribute__((weak))' '-D__packed=__attribute__((__packed__))' -DUSE_HAL_DRIVER -DSTM32F407xx -DSTM32 -DSTM32F4 -DSTM32F46 -DSTM32F4_6 -c -I../Inc -I../Drivers/STM32F4xx_HAL_Driver/Inc -I../Drivers/STM32F4xx_HAL_Driver/Inc/Legacy -I../Drivers/CMSIS/Device/ST/STM32F4xx/Include -I../Drivers/CMSIS/Include -I"C:/Users/wolfg/git/grbl32/grbl" -I"C:/Users/wolfg/git/grbl32/stm32" -Os -ffunction-sections -fdata-sections -Wall -fstack-usage -MMD -MP -MF"Src/i2c.d" -MT"Src/i2c.o" --specs=nano.specs -mfpu=fpv4-sp-d16 -mfloat-abi=hard -mthumb -o "Src/i2c.o"
arm-none-eabi-gcc -c "../Src/main.c" -mcpu=cortex-m4 -std=gnu11 -g3 -DUSE_FULL_LL_DRIVER '-D__weak=__attribute__((weak))' '-D__packed=__attribute__((__packed__))' -DUSE_HAL_DRIVER -DSTM32F407xx -DSTM32 -DSTM32F4 -DSTM32F46 -DSTM32F4_6 -c -I../Inc -I../Drivers/STM32F4xx_HAL_Driver/Inc -I../Drivers/STM32F4xx_HAL_Driver/Inc/Legacy -I../Drivers/CMSIS/Device/ST/STM32F4xx/Include -I../Drivers/CMSIS/Include -I"C:/Users/wolfg/git/grbl32/grbl" -I"C:/Users/wolfg/git/grbl32/stm32" -Os -ffunction-sections -fdata-sections -Wall -fstack-usage -MMD -MP -MF"Src/main.d" -MT"Src/main.o" --specs=nano.specs -mfpu=fpv4-sp-d16 -mfloat-abi=hard -mthumb -o "Src/main.o"
arm-none-eabi-gcc -c "../Src/spi.c" -mcpu=cortex-m4 -std=gnu11 -g3 -DUSE_FULL_LL_DRIVER '-D__weak=__attribute__((weak))' '-D__packed=__attribute__((__packed__))' -DUSE_HAL_DRIVER -DSTM32F407xx -DSTM32 -DSTM32F4 -DSTM32F46 -DSTM32F4_6 -c -I../Inc -I../Drivers/STM32F4xx_HAL_Driver/Inc -I../Drivers/STM32F4xx_HAL_Driver/Inc/Legacy -I../Drivers/CMSIS/Device/ST/STM32F4xx/Include -I../Drivers/CMSIS/Include -I"C:/Users/wolfg/git/grbl32/grbl" -I"C:/Users/wolfg/git/grbl32/stm32" -Os -ffunction-sections -fdata-sections -Wall -fstack-usage -MMD -MP -MF"Src/spi.d" -MT"Src/spi.o" --specs=nano.specs -mfpu=fpv4-sp-d16 -mfloat-abi=hard -mthumb -o "Src/spi.o"
arm-none-eabi-gcc -c "../Src/stm32f4xx_hal_msp.c" -mcpu=cortex-m4 -std=gnu11 -g3 -DUSE_FULL_LL_DRIVER '-D__weak=__attribute__((weak))' '-D__packed=__attribute__((__packed__))' -DUSE_HAL_DRIVER -DSTM32F407xx -DSTM32 -DSTM32F4 -DSTM32F46 -DSTM32F4_6 -c -I../Inc -I../Drivers/STM32F4xx_HAL_Driver/Inc -I../Drivers/STM32F4xx_HAL_Driver/Inc/Legacy -I../Drivers/CMSIS/Device/ST/STM32F4xx/Include -I../Drivers/CMSIS/Include -I"C:/Users/wolfg/git/grbl32/grbl" -I"C:/Users/wolfg/git/grbl32/stm32" -Os -ffunction-sections -fdata-sections -Wall -fstack-usage -MMD -MP -MF"Src/stm32f4xx_hal_msp.d" -MT"Src/stm32f4xx_hal_msp.o" --specs=nano.specs -mfpu=fpv4-sp-d16 -mfloat-abi=hard -mthumb -o "Src/stm32f4xx_hal_msp.o"
arm-none-eabi-gcc -c "../Src/stm32f4xx_it.c" -mcpu=cortex-m4 -std=gnu11 -g3 -DUSE_FULL_LL_DRIVER '-D__weak=__attribute__((weak))' '-D__packed=__attribute__((__packed__))' -DUSE_HAL_DRIVER -DSTM32F407xx -DSTM32 -DSTM32F4 -DSTM32F46 -DSTM32F4_6 -c -I../Inc -I../Drivers/STM32F4xx_HAL_Driver/Inc -I../Drivers/STM32F4xx_HAL_Driver/Inc/Legacy -I../Drivers/CMSIS/Device/ST/STM32F4xx/Include -I../Drivers/CMSIS/Include -I"C:/Users/wolfg/git/grbl32/grbl" -I"C:/Users/wolfg/git/grbl32/stm32" -Os -ffunction-sections -fdata-sections -Wall -fstack-usage -MMD -MP -MF"Src/stm32f4xx_it.d" -MT"Src/stm32f4xx_it.o" --specs=nano.specs -mfpu=fpv4-sp-d16 -mfloat-abi=hard -mthumb -o "Src/stm32f4xx_it.o"
arm-none-eabi-gcc -c "../Src/tim.c" -mcpu=cortex-m4 -std=gnu11 -g3 -DUSE_FULL_LL_DRIVER '-D__weak=__attribute__((weak))' '-D__packed=__attribute__((__packed__))' -DUSE_HAL_DRIVER -DSTM32F407xx -DSTM32 -DSTM32F4 -DSTM32F46 -DSTM32F4_6 -c -I../Inc -I../Drivers/STM32F4xx_HAL_Driver/Inc -I../Drivers/STM32F4xx_HAL_Driver/Inc/Legacy -I../Drivers/CMSIS/Device/ST/STM32F4xx/Include -I../Drivers/CMSIS/Include -I"C:/Users/wolfg/git/grbl32/grbl" -I"C:/Users/wolfg/git/grbl32/stm32" -Os -ffunction-sections -fdata-sections -Wall -fstack-usage -MMD -MP -MF"Src/tim.d" -MT"Src/tim.o" --specs=nano.specs -mfpu=fpv4-sp-d16 -mfloat-abi=hard -mthumb -o "Src/tim.o"
arm-none-eabi-gcc -c "../Src/usart.c" -mcpu=cortex-m4 -std=gnu11 -g3 -DUSE_FULL_LL_DRIVER '-D__weak=__attribute__((weak))' '-D__packed=__attribute__((__packed__))' -DUSE_HAL_DRIVER -DSTM32F407xx -DSTM32 -DSTM32F4 -DSTM32F46 -DSTM32F4_6 -c -I../Inc -I../Drivers/STM32F4xx_HAL_Driver/Inc -I../Drivers/STM32F4xx_HAL_Driver/Inc/Legacy -I../Drivers/CMSIS/Device/ST/STM32F4xx/Include -I../Drivers/CMSIS/Include -I"C:/Users/wolfg/git/grbl32/grbl" -I"C:/Users/wolfg/git/grbl32/stm32" -Os -ffunction-sections -fdata-sections -Wall -fstack-usage -MMD -MP -MF"Src/usart.d" -MT"Src/usart.o" --specs=nano.specs -mfpu=fpv4-sp-d16 -mfloat-abi=hard -mthumb -o "Src/usart.o"
arm-none-eabi-gcc -o "F46.elf" @"objects.list"   -mcpu=cortex-m4 -T"../STM32F407VE_FLASH.ld" --specs=nosys.specs -Wl,-Map="F46.map" -Wl,--gc-sections -static --specs=nano.specs -mfpu=fpv4-sp-d16 -mfloat-abi=hard -mthumb -Wl,--start-group -lc -lm -Wl,--end-group
Finished building target: F46.elf
 
arm-none-eabi-size   F46.elf 
   text	   data	    bss	    dec	    hex	filename
  45388	    152	  19124	  64664	   fc98	F46.elf
Finished building: default.size.stdout
 
arm-none-eabi-objdump -h -S  F46.elf  > "F46.list"
Finished building: F46.list
 
arm-none-eabi-objcopy.exe -O ihex "F46.elf" "F46.hex"
 

13:26:34 Build Finished. 0 errors, 2 warnings. (took 21s.417ms)

