12:09:06 **** Incremental Build of configuration Debug for project F46 ****
make all 
arm-none-eabi-gcc -c "C:/Users/wolfg/git/grbl32/stm32/inoutputs.c" -mcpu=cortex-m4 -std=gnu11 -g3 -DUSE_FULL_LL_DRIVER '-D__weak=__attribute__((weak))' '-D__packed=__attribute__((__packed__))' -DUSE_HAL_DRIVER -DSTM32F407xx -DSTM32 -DSTM32F4 -DSTM32F46 -DSTM32F4_6 -c -I../Inc -I../Drivers/STM32F4xx_HAL_Driver/Inc -I../Drivers/STM32F4xx_HAL_Driver/Inc/Legacy -I../Drivers/CMSIS/Device/ST/STM32F4xx/Include -I../Drivers/CMSIS/Include -I"C:/Users/wolfg/git/grbl32/grbl" -I"C:/Users/wolfg/git/grbl32/stm32" -Os -ffunction-sections -fdata-sections -Wall -fstack-usage -MMD -MP -MF"stm32/inoutputs.d" -MT"stm32/inoutputs.o" --specs=nano.specs -mfpu=fpv4-sp-d16 -mfloat-abi=hard -mthumb -o "stm32/inoutputs.o"
arm-none-eabi-gcc -c "C:/Users/wolfg/git/grbl32/stm32/lcd-i2c.c" -mcpu=cortex-m4 -std=gnu11 -g3 -DUSE_FULL_LL_DRIVER '-D__weak=__attribute__((weak))' '-D__packed=__attribute__((__packed__))' -DUSE_HAL_DRIVER -DSTM32F407xx -DSTM32 -DSTM32F4 -DSTM32F46 -DSTM32F4_6 -c -I../Inc -I../Drivers/STM32F4xx_HAL_Driver/Inc -I../Drivers/STM32F4xx_HAL_Driver/Inc/Legacy -I../Drivers/CMSIS/Device/ST/STM32F4xx/Include -I../Drivers/CMSIS/Include -I"C:/Users/wolfg/git/grbl32/grbl" -I"C:/Users/wolfg/git/grbl32/stm32" -Os -ffunction-sections -fdata-sections -Wall -fstack-usage -MMD -MP -MF"stm32/lcd-i2c.d" -MT"stm32/lcd-i2c.o" --specs=nano.specs -mfpu=fpv4-sp-d16 -mfloat-abi=hard -mthumb -o "stm32/lcd-i2c.o"
arm-none-eabi-gcc -c "C:/Users/wolfg/git/grbl32/stm32/stm32utilities.c" -mcpu=cortex-m4 -std=gnu11 -g3 -DUSE_FULL_LL_DRIVER '-D__weak=__attribute__((weak))' '-D__packed=__attribute__((__packed__))' -DUSE_HAL_DRIVER -DSTM32F407xx -DSTM32 -DSTM32F4 -DSTM32F46 -DSTM32F4_6 -c -I../Inc -I../Drivers/STM32F4xx_HAL_Driver/Inc -I../Drivers/STM32F4xx_HAL_Driver/Inc/Legacy -I../Drivers/CMSIS/Device/ST/STM32F4xx/Include -I../Drivers/CMSIS/Include -I"C:/Users/wolfg/git/grbl32/grbl" -I"C:/Users/wolfg/git/grbl32/stm32" -Os -ffunction-sections -fdata-sections -Wall -fstack-usage -MMD -MP -MF"stm32/stm32utilities.d" -MT"stm32/stm32utilities.o" --specs=nano.specs -mfpu=fpv4-sp-d16 -mfloat-abi=hard -mthumb -o "stm32/stm32utilities.o"
arm-none-eabi-gcc -c "C:/Users/wolfg/git/grbl32/grbl/coolant_control.c" -mcpu=cortex-m4 -std=gnu11 -g3 -DUSE_FULL_LL_DRIVER '-D__weak=__attribute__((weak))' '-D__packed=__attribute__((__packed__))' -DUSE_HAL_DRIVER -DSTM32F407xx -DSTM32 -DSTM32F4 -DSTM32F46 -DSTM32F4_6 -c -I../Inc -I../Drivers/STM32F4xx_HAL_Driver/Inc -I../Drivers/STM32F4xx_HAL_Driver/Inc/Legacy -I../Drivers/CMSIS/Device/ST/STM32F4xx/Include -I../Drivers/CMSIS/Include -I"C:/Users/wolfg/git/grbl32/grbl" -I"C:/Users/wolfg/git/grbl32/stm32" -Os -ffunction-sections -fdata-sections -Wall -fstack-usage -MMD -MP -MF"grbl/coolant_control.d" -MT"grbl/coolant_control.o" --specs=nano.specs -mfpu=fpv4-sp-d16 -mfloat-abi=hard -mthumb -o "grbl/coolant_control.o"
arm-none-eabi-gcc -c "C:/Users/wolfg/git/grbl32/grbl/eeprom.c" -mcpu=cortex-m4 -std=gnu11 -g3 -DUSE_FULL_LL_DRIVER '-D__weak=__attribute__((weak))' '-D__packed=__attribute__((__packed__))' -DUSE_HAL_DRIVER -DSTM32F407xx -DSTM32 -DSTM32F4 -DSTM32F46 -DSTM32F4_6 -c -I../Inc -I../Drivers/STM32F4xx_HAL_Driver/Inc -I../Drivers/STM32F4xx_HAL_Driver/Inc/Legacy -I../Drivers/CMSIS/Device/ST/STM32F4xx/Include -I../Drivers/CMSIS/Include -I"C:/Users/wolfg/git/grbl32/grbl" -I"C:/Users/wolfg/git/grbl32/stm32" -Os -ffunction-sections -fdata-sections -Wall -fstack-usage -MMD -MP -MF"grbl/eeprom.d" -MT"grbl/eeprom.o" --specs=nano.specs -mfpu=fpv4-sp-d16 -mfloat-abi=hard -mthumb -o "grbl/eeprom.o"
C:/Users/wolfg/git/grbl32/grbl/eeprom.c: In function 'memcpy_to_eeprom_with_checksum':
C:/Users/wolfg/git/grbl32/grbl/eeprom.c:232:26: warning: '<<' in boolean context, did you mean '<'? [-Wint-in-bool-context]
  232 |     checksum = (checksum << 1) || (checksum >> 7);
      |                ~~~~~~~~~~^~~~~
C:/Users/wolfg/git/grbl32/grbl/eeprom.c: In function 'memcpy_from_eeprom_with_checksum':
C:/Users/wolfg/git/grbl32/grbl/eeprom.c:248:26: warning: '<<' in boolean context, did you mean '<'? [-Wint-in-bool-context]
  248 |     checksum = (checksum << 1) || (checksum >> 7);
      |                ~~~~~~~~~~^~~~~
arm-none-eabi-gcc -c "C:/Users/wolfg/git/grbl32/grbl/gcode.c" -mcpu=cortex-m4 -std=gnu11 -g3 -DUSE_FULL_LL_DRIVER '-D__weak=__attribute__((weak))' '-D__packed=__attribute__((__packed__))' -DUSE_HAL_DRIVER -DSTM32F407xx -DSTM32 -DSTM32F4 -DSTM32F46 -DSTM32F4_6 -c -I../Inc -I../Drivers/STM32F4xx_HAL_Driver/Inc -I../Drivers/STM32F4xx_HAL_Driver/Inc/Legacy -I../Drivers/CMSIS/Device/ST/STM32F4xx/Include -I../Drivers/CMSIS/Include -I"C:/Users/wolfg/git/grbl32/grbl" -I"C:/Users/wolfg/git/grbl32/stm32" -Os -ffunction-sections -fdata-sections -Wall -fstack-usage -MMD -MP -MF"grbl/gcode.d" -MT"grbl/gcode.o" --specs=nano.specs -mfpu=fpv4-sp-d16 -mfloat-abi=hard -mthumb -o "grbl/gcode.o"
arm-none-eabi-gcc -c "C:/Users/wolfg/git/grbl32/grbl/jog.c" -mcpu=cortex-m4 -std=gnu11 -g3 -DUSE_FULL_LL_DRIVER '-D__weak=__attribute__((weak))' '-D__packed=__attribute__((__packed__))' -DUSE_HAL_DRIVER -DSTM32F407xx -DSTM32 -DSTM32F4 -DSTM32F46 -DSTM32F4_6 -c -I../Inc -I../Drivers/STM32F4xx_HAL_Driver/Inc -I../Drivers/STM32F4xx_HAL_Driver/Inc/Legacy -I../Drivers/CMSIS/Device/ST/STM32F4xx/Include -I../Drivers/CMSIS/Include -I"C:/Users/wolfg/git/grbl32/grbl" -I"C:/Users/wolfg/git/grbl32/stm32" -Os -ffunction-sections -fdata-sections -Wall -fstack-usage -MMD -MP -MF"grbl/jog.d" -MT"grbl/jog.o" --specs=nano.specs -mfpu=fpv4-sp-d16 -mfloat-abi=hard -mthumb -o "grbl/jog.o"
arm-none-eabi-gcc -c "C:/Users/wolfg/git/grbl32/grbl/limits.c" -mcpu=cortex-m4 -std=gnu11 -g3 -DUSE_FULL_LL_DRIVER '-D__weak=__attribute__((weak))' '-D__packed=__attribute__((__packed__))' -DUSE_HAL_DRIVER -DSTM32F407xx -DSTM32 -DSTM32F4 -DSTM32F46 -DSTM32F4_6 -c -I../Inc -I../Drivers/STM32F4xx_HAL_Driver/Inc -I../Drivers/STM32F4xx_HAL_Driver/Inc/Legacy -I../Drivers/CMSIS/Device/ST/STM32F4xx/Include -I../Drivers/CMSIS/Include -I"C:/Users/wolfg/git/grbl32/grbl" -I"C:/Users/wolfg/git/grbl32/stm32" -Os -ffunction-sections -fdata-sections -Wall -fstack-usage -MMD -MP -MF"grbl/limits.d" -MT"grbl/limits.o" --specs=nano.specs -mfpu=fpv4-sp-d16 -mfloat-abi=hard -mthumb -o "grbl/limits.o"
arm-none-eabi-gcc -c "C:/Users/wolfg/git/grbl32/grbl/motion_control.c" -mcpu=cortex-m4 -std=gnu11 -g3 -DUSE_FULL_LL_DRIVER '-D__weak=__attribute__((weak))' '-D__packed=__attribute__((__packed__))' -DUSE_HAL_DRIVER -DSTM32F407xx -DSTM32 -DSTM32F4 -DSTM32F46 -DSTM32F4_6 -c -I../Inc -I../Drivers/STM32F4xx_HAL_Driver/Inc -I../Drivers/STM32F4xx_HAL_Driver/Inc/Legacy -I../Drivers/CMSIS/Device/ST/STM32F4xx/Include -I../Drivers/CMSIS/Include -I"C:/Users/wolfg/git/grbl32/grbl" -I"C:/Users/wolfg/git/grbl32/stm32" -Os -ffunction-sections -fdata-sections -Wall -fstack-usage -MMD -MP -MF"grbl/motion_control.d" -MT"grbl/motion_control.o" --specs=nano.specs -mfpu=fpv4-sp-d16 -mfloat-abi=hard -mthumb -o "grbl/motion_control.o"
arm-none-eabi-gcc -c "C:/Users/wolfg/git/grbl32/grbl/nuts_bolts.c" -mcpu=cortex-m4 -std=gnu11 -g3 -DUSE_FULL_LL_DRIVER '-D__weak=__attribute__((weak))' '-D__packed=__attribute__((__packed__))' -DUSE_HAL_DRIVER -DSTM32F407xx -DSTM32 -DSTM32F4 -DSTM32F46 -DSTM32F4_6 -c -I../Inc -I../Drivers/STM32F4xx_HAL_Driver/Inc -I../Drivers/STM32F4xx_HAL_Driver/Inc/Legacy -I../Drivers/CMSIS/Device/ST/STM32F4xx/Include -I../Drivers/CMSIS/Include -I"C:/Users/wolfg/git/grbl32/grbl" -I"C:/Users/wolfg/git/grbl32/stm32" -Os -ffunction-sections -fdata-sections -Wall -fstack-usage -MMD -MP -MF"grbl/nuts_bolts.d" -MT"grbl/nuts_bolts.o" --specs=nano.specs -mfpu=fpv4-sp-d16 -mfloat-abi=hard -mthumb -o "grbl/nuts_bolts.o"
arm-none-eabi-gcc -c "C:/Users/wolfg/git/grbl32/grbl/planner.c" -mcpu=cortex-m4 -std=gnu11 -g3 -DUSE_FULL_LL_DRIVER '-D__weak=__attribute__((weak))' '-D__packed=__attribute__((__packed__))' -DUSE_HAL_DRIVER -DSTM32F407xx -DSTM32 -DSTM32F4 -DSTM32F46 -DSTM32F4_6 -c -I../Inc -I../Drivers/STM32F4xx_HAL_Driver/Inc -I../Drivers/STM32F4xx_HAL_Driver/Inc/Legacy -I../Drivers/CMSIS/Device/ST/STM32F4xx/Include -I../Drivers/CMSIS/Include -I"C:/Users/wolfg/git/grbl32/grbl" -I"C:/Users/wolfg/git/grbl32/stm32" -Os -ffunction-sections -fdata-sections -Wall -fstack-usage -MMD -MP -MF"grbl/planner.d" -MT"grbl/planner.o" --specs=nano.specs -mfpu=fpv4-sp-d16 -mfloat-abi=hard -mthumb -o "grbl/planner.o"
arm-none-eabi-gcc -c "C:/Users/wolfg/git/grbl32/grbl/print.c" -mcpu=cortex-m4 -std=gnu11 -g3 -DUSE_FULL_LL_DRIVER '-D__weak=__attribute__((weak))' '-D__packed=__attribute__((__packed__))' -DUSE_HAL_DRIVER -DSTM32F407xx -DSTM32 -DSTM32F4 -DSTM32F46 -DSTM32F4_6 -c -I../Inc -I../Drivers/STM32F4xx_HAL_Driver/Inc -I../Drivers/STM32F4xx_HAL_Driver/Inc/Legacy -I../Drivers/CMSIS/Device/ST/STM32F4xx/Include -I../Drivers/CMSIS/Include -I"C:/Users/wolfg/git/grbl32/grbl" -I"C:/Users/wolfg/git/grbl32/stm32" -Os -ffunction-sections -fdata-sections -Wall -fstack-usage -MMD -MP -MF"grbl/print.d" -MT"grbl/print.o" --specs=nano.specs -mfpu=fpv4-sp-d16 -mfloat-abi=hard -mthumb -o "grbl/print.o"
arm-none-eabi-gcc -c "C:/Users/wolfg/git/grbl32/grbl/probe.c" -mcpu=cortex-m4 -std=gnu11 -g3 -DUSE_FULL_LL_DRIVER '-D__weak=__attribute__((weak))' '-D__packed=__attribute__((__packed__))' -DUSE_HAL_DRIVER -DSTM32F407xx -DSTM32 -DSTM32F4 -DSTM32F46 -DSTM32F4_6 -c -I../Inc -I../Drivers/STM32F4xx_HAL_Driver/Inc -I../Drivers/STM32F4xx_HAL_Driver/Inc/Legacy -I../Drivers/CMSIS/Device/ST/STM32F4xx/Include -I../Drivers/CMSIS/Include -I"C:/Users/wolfg/git/grbl32/grbl" -I"C:/Users/wolfg/git/grbl32/stm32" -Os -ffunction-sections -fdata-sections -Wall -fstack-usage -MMD -MP -MF"grbl/probe.d" -MT"grbl/probe.o" --specs=nano.specs -mfpu=fpv4-sp-d16 -mfloat-abi=hard -mthumb -o "grbl/probe.o"
arm-none-eabi-gcc -c "C:/Users/wolfg/git/grbl32/grbl/protocol.c" -mcpu=cortex-m4 -std=gnu11 -g3 -DUSE_FULL_LL_DRIVER '-D__weak=__attribute__((weak))' '-D__packed=__attribute__((__packed__))' -DUSE_HAL_DRIVER -DSTM32F407xx -DSTM32 -DSTM32F4 -DSTM32F46 -DSTM32F4_6 -c -I../Inc -I../Drivers/STM32F4xx_HAL_Driver/Inc -I../Drivers/STM32F4xx_HAL_Driver/Inc/Legacy -I../Drivers/CMSIS/Device/ST/STM32F4xx/Include -I../Drivers/CMSIS/Include -I"C:/Users/wolfg/git/grbl32/grbl" -I"C:/Users/wolfg/git/grbl32/stm32" -Os -ffunction-sections -fdata-sections -Wall -fstack-usage -MMD -MP -MF"grbl/protocol.d" -MT"grbl/protocol.o" --specs=nano.specs -mfpu=fpv4-sp-d16 -mfloat-abi=hard -mthumb -o "grbl/protocol.o"
arm-none-eabi-gcc -c "C:/Users/wolfg/git/grbl32/grbl/report.c" -mcpu=cortex-m4 -std=gnu11 -g3 -DUSE_FULL_LL_DRIVER '-D__weak=__attribute__((weak))' '-D__packed=__attribute__((__packed__))' -DUSE_HAL_DRIVER -DSTM32F407xx -DSTM32 -DSTM32F4 -DSTM32F46 -DSTM32F4_6 -c -I../Inc -I../Drivers/STM32F4xx_HAL_Driver/Inc -I../Drivers/STM32F4xx_HAL_Driver/Inc/Legacy -I../Drivers/CMSIS/Device/ST/STM32F4xx/Include -I../Drivers/CMSIS/Include -I"C:/Users/wolfg/git/grbl32/grbl" -I"C:/Users/wolfg/git/grbl32/stm32" -Os -ffunction-sections -fdata-sections -Wall -fstack-usage -MMD -MP -MF"grbl/report.d" -MT"grbl/report.o" --specs=nano.specs -mfpu=fpv4-sp-d16 -mfloat-abi=hard -mthumb -o "grbl/report.o"
arm-none-eabi-gcc -c "C:/Users/wolfg/git/grbl32/grbl/serial.c" -mcpu=cortex-m4 -std=gnu11 -g3 -DUSE_FULL_LL_DRIVER '-D__weak=__attribute__((weak))' '-D__packed=__attribute__((__packed__))' -DUSE_HAL_DRIVER -DSTM32F407xx -DSTM32 -DSTM32F4 -DSTM32F46 -DSTM32F4_6 -c -I../Inc -I../Drivers/STM32F4xx_HAL_Driver/Inc -I../Drivers/STM32F4xx_HAL_Driver/Inc/Legacy -I../Drivers/CMSIS/Device/ST/STM32F4xx/Include -I../Drivers/CMSIS/Include -I"C:/Users/wolfg/git/grbl32/grbl" -I"C:/Users/wolfg/git/grbl32/stm32" -Os -ffunction-sections -fdata-sections -Wall -fstack-usage -MMD -MP -MF"grbl/serial.d" -MT"grbl/serial.o" --specs=nano.specs -mfpu=fpv4-sp-d16 -mfloat-abi=hard -mthumb -o "grbl/serial.o"
arm-none-eabi-gcc -c "C:/Users/wolfg/git/grbl32/grbl/settings.c" -mcpu=cortex-m4 -std=gnu11 -g3 -DUSE_FULL_LL_DRIVER '-D__weak=__attribute__((weak))' '-D__packed=__attribute__((__packed__))' -DUSE_HAL_DRIVER -DSTM32F407xx -DSTM32 -DSTM32F4 -DSTM32F46 -DSTM32F4_6 -c -I../Inc -I../Drivers/STM32F4xx_HAL_Driver/Inc -I../Drivers/STM32F4xx_HAL_Driver/Inc/Legacy -I../Drivers/CMSIS/Device/ST/STM32F4xx/Include -I../Drivers/CMSIS/Include -I"C:/Users/wolfg/git/grbl32/grbl" -I"C:/Users/wolfg/git/grbl32/stm32" -Os -ffunction-sections -fdata-sections -Wall -fstack-usage -MMD -MP -MF"grbl/settings.d" -MT"grbl/settings.o" --specs=nano.specs -mfpu=fpv4-sp-d16 -mfloat-abi=hard -mthumb -o "grbl/settings.o"
arm-none-eabi-gcc -c "C:/Users/wolfg/git/grbl32/grbl/spindle_control.c" -mcpu=cortex-m4 -std=gnu11 -g3 -DUSE_FULL_LL_DRIVER '-D__weak=__attribute__((weak))' '-D__packed=__attribute__((__packed__))' -DUSE_HAL_DRIVER -DSTM32F407xx -DSTM32 -DSTM32F4 -DSTM32F46 -DSTM32F4_6 -c -I../Inc -I../Drivers/STM32F4xx_HAL_Driver/Inc -I../Drivers/STM32F4xx_HAL_Driver/Inc/Legacy -I../Drivers/CMSIS/Device/ST/STM32F4xx/Include -I../Drivers/CMSIS/Include -I"C:/Users/wolfg/git/grbl32/grbl" -I"C:/Users/wolfg/git/grbl32/stm32" -Os -ffunction-sections -fdata-sections -Wall -fstack-usage -MMD -MP -MF"grbl/spindle_control.d" -MT"grbl/spindle_control.o" --specs=nano.specs -mfpu=fpv4-sp-d16 -mfloat-abi=hard -mthumb -o "grbl/spindle_control.o"
arm-none-eabi-gcc -c "C:/Users/wolfg/git/grbl32/grbl/stepper.c" -mcpu=cortex-m4 -std=gnu11 -g3 -DUSE_FULL_LL_DRIVER '-D__weak=__attribute__((weak))' '-D__packed=__attribute__((__packed__))' -DUSE_HAL_DRIVER -DSTM32F407xx -DSTM32 -DSTM32F4 -DSTM32F46 -DSTM32F4_6 -c -I../Inc -I../Drivers/STM32F4xx_HAL_Driver/Inc -I../Drivers/STM32F4xx_HAL_Driver/Inc/Legacy -I../Drivers/CMSIS/Device/ST/STM32F4xx/Include -I../Drivers/CMSIS/Include -I"C:/Users/wolfg/git/grbl32/grbl" -I"C:/Users/wolfg/git/grbl32/stm32" -Os -ffunction-sections -fdata-sections -Wall -fstack-usage -MMD -MP -MF"grbl/stepper.d" -MT"grbl/stepper.o" --specs=nano.specs -mfpu=fpv4-sp-d16 -mfloat-abi=hard -mthumb -o "grbl/stepper.o"
arm-none-eabi-gcc -c "C:/Users/wolfg/git/grbl32/grbl/system.c" -mcpu=cortex-m4 -std=gnu11 -g3 -DUSE_FULL_LL_DRIVER '-D__weak=__attribute__((weak))' '-D__packed=__attribute__((__packed__))' -DUSE_HAL_DRIVER -DSTM32F407xx -DSTM32 -DSTM32F4 -DSTM32F46 -DSTM32F4_6 -c -I../Inc -I../Drivers/STM32F4xx_HAL_Driver/Inc -I../Drivers/STM32F4xx_HAL_Driver/Inc/Legacy -I../Drivers/CMSIS/Device/ST/STM32F4xx/Include -I../Drivers/CMSIS/Include -I"C:/Users/wolfg/git/grbl32/grbl" -I"C:/Users/wolfg/git/grbl32/stm32" -Os -ffunction-sections -fdata-sections -Wall -fstack-usage -MMD -MP -MF"grbl/system.d" -MT"grbl/system.o" --specs=nano.specs -mfpu=fpv4-sp-d16 -mfloat-abi=hard -mthumb -o "grbl/system.o"
arm-none-eabi-gcc -c "../Src/gpio.c" -mcpu=cortex-m4 -std=gnu11 -g3 -DUSE_FULL_LL_DRIVER '-D__weak=__attribute__((weak))' '-D__packed=__attribute__((__packed__))' -DUSE_HAL_DRIVER -DSTM32F407xx -DSTM32 -DSTM32F4 -DSTM32F46 -DSTM32F4_6 -c -I../Inc -I../Drivers/STM32F4xx_HAL_Driver/Inc -I../Drivers/STM32F4xx_HAL_Driver/Inc/Legacy -I../Drivers/CMSIS/Device/ST/STM32F4xx/Include -I../Drivers/CMSIS/Include -I"C:/Users/wolfg/git/grbl32/grbl" -I"C:/Users/wolfg/git/grbl32/stm32" -Os -ffunction-sections -fdata-sections -Wall -fstack-usage -MMD -MP -MF"Src/gpio.d" -MT"Src/gpio.o" --specs=nano.specs -mfpu=fpv4-sp-d16 -mfloat-abi=hard -mthumb -o "Src/gpio.o"
arm-none-eabi-gcc -c "../Src/i2c.c" -mcpu=cortex-m4 -std=gnu11 -g3 -DUSE_FULL_LL_DRIVER '-D__weak=__attribute__((weak))' '-D__packed=__attribute__((__packed__))' -DUSE_HAL_DRIVER -DSTM32F407xx -DSTM32 -DSTM32F4 -DSTM32F46 -DSTM32F4_6 -c -I../Inc -I../Drivers/STM32F4xx_HAL_Driver/Inc -I../Drivers/STM32F4xx_HAL_Driver/Inc/Legacy -I../Drivers/CMSIS/Device/ST/STM32F4xx/Include -I../Drivers/CMSIS/Include -I"C:/Users/wolfg/git/grbl32/grbl" -I"C:/Users/wolfg/git/grbl32/stm32" -Os -ffunction-sections -fdata-sections -Wall -fstack-usage -MMD -MP -MF"Src/i2c.d" -MT"Src/i2c.o" --specs=nano.specs -mfpu=fpv4-sp-d16 -mfloat-abi=hard -mthumb -o "Src/i2c.o"
arm-none-eabi-gcc -c "../Src/main.c" -mcpu=cortex-m4 -std=gnu11 -g3 -DUSE_FULL_LL_DRIVER '-D__weak=__attribute__((weak))' '-D__packed=__attribute__((__packed__))' -DUSE_HAL_DRIVER -DSTM32F407xx -DSTM32 -DSTM32F4 -DSTM32F46 -DSTM32F4_6 -c -I../Inc -I../Drivers/STM32F4xx_HAL_Driver/Inc -I../Drivers/STM32F4xx_HAL_Driver/Inc/Legacy -I../Drivers/CMSIS/Device/ST/STM32F4xx/Include -I../Drivers/CMSIS/Include -I"C:/Users/wolfg/git/grbl32/grbl" -I"C:/Users/wolfg/git/grbl32/stm32" -Os -ffunction-sections -fdata-sections -Wall -fstack-usage -MMD -MP -MF"Src/main.d" -MT"Src/main.o" --specs=nano.specs -mfpu=fpv4-sp-d16 -mfloat-abi=hard -mthumb -o "Src/main.o"
arm-none-eabi-gcc -c "../Src/spi.c" -mcpu=cortex-m4 -std=gnu11 -g3 -DUSE_FULL_LL_DRIVER '-D__weak=__attribute__((weak))' '-D__packed=__attribute__((__packed__))' -DUSE_HAL_DRIVER -DSTM32F407xx -DSTM32 -DSTM32F4 -DSTM32F46 -DSTM32F4_6 -c -I../Inc -I../Drivers/STM32F4xx_HAL_Driver/Inc -I../Drivers/STM32F4xx_HAL_Driver/Inc/Legacy -I../Drivers/CMSIS/Device/ST/STM32F4xx/Include -I../Drivers/CMSIS/Include -I"C:/Users/wolfg/git/grbl32/grbl" -I"C:/Users/wolfg/git/grbl32/stm32" -Os -ffunction-sections -fdata-sections -Wall -fstack-usage -MMD -MP -MF"Src/spi.d" -MT"Src/spi.o" --specs=nano.specs -mfpu=fpv4-sp-d16 -mfloat-abi=hard -mthumb -o "Src/spi.o"
arm-none-eabi-gcc -c "../Src/stm32f4xx_hal_msp.c" -mcpu=cortex-m4 -std=gnu11 -g3 -DUSE_FULL_LL_DRIVER '-D__weak=__attribute__((weak))' '-D__packed=__attribute__((__packed__))' -DUSE_HAL_DRIVER -DSTM32F407xx -DSTM32 -DSTM32F4 -DSTM32F46 -DSTM32F4_6 -c -I../Inc -I../Drivers/STM32F4xx_HAL_Driver/Inc -I../Drivers/STM32F4xx_HAL_Driver/Inc/Legacy -I../Drivers/CMSIS/Device/ST/STM32F4xx/Include -I../Drivers/CMSIS/Include -I"C:/Users/wolfg/git/grbl32/grbl" -I"C:/Users/wolfg/git/grbl32/stm32" -Os -ffunction-sections -fdata-sections -Wall -fstack-usage -MMD -MP -MF"Src/stm32f4xx_hal_msp.d" -MT"Src/stm32f4xx_hal_msp.o" --specs=nano.specs -mfpu=fpv4-sp-d16 -mfloat-abi=hard -mthumb -o "Src/stm32f4xx_hal_msp.o"
arm-none-eabi-gcc -c "../Src/stm32f4xx_it.c" -mcpu=cortex-m4 -std=gnu11 -g3 -DUSE_FULL_LL_DRIVER '-D__weak=__attribute__((weak))' '-D__packed=__attribute__((__packed__))' -DUSE_HAL_DRIVER -DSTM32F407xx -DSTM32 -DSTM32F4 -DSTM32F46 -DSTM32F4_6 -c -I../Inc -I../Drivers/STM32F4xx_HAL_Driver/Inc -I../Drivers/STM32F4xx_HAL_Driver/Inc/Legacy -I../Drivers/CMSIS/Device/ST/STM32F4xx/Include -I../Drivers/CMSIS/Include -I"C:/Users/wolfg/git/grbl32/grbl" -I"C:/Users/wolfg/git/grbl32/stm32" -Os -ffunction-sections -fdata-sections -Wall -fstack-usage -MMD -MP -MF"Src/stm32f4xx_it.d" -MT"Src/stm32f4xx_it.o" --specs=nano.specs -mfpu=fpv4-sp-d16 -mfloat-abi=hard -mthumb -o "Src/stm32f4xx_it.o"
arm-none-eabi-gcc -c "../Src/system_stm32f4xx.c" -mcpu=cortex-m4 -std=gnu11 -g3 -DUSE_FULL_LL_DRIVER '-D__weak=__attribute__((weak))' '-D__packed=__attribute__((__packed__))' -DUSE_HAL_DRIVER -DSTM32F407xx -DSTM32 -DSTM32F4 -DSTM32F46 -DSTM32F4_6 -c -I../Inc -I../Drivers/STM32F4xx_HAL_Driver/Inc -I../Drivers/STM32F4xx_HAL_Driver/Inc/Legacy -I../Drivers/CMSIS/Device/ST/STM32F4xx/Include -I../Drivers/CMSIS/Include -I"C:/Users/wolfg/git/grbl32/grbl" -I"C:/Users/wolfg/git/grbl32/stm32" -Os -ffunction-sections -fdata-sections -Wall -fstack-usage -MMD -MP -MF"Src/system_stm32f4xx.d" -MT"Src/system_stm32f4xx.o" --specs=nano.specs -mfpu=fpv4-sp-d16 -mfloat-abi=hard -mthumb -o "Src/system_stm32f4xx.o"
arm-none-eabi-gcc -c "../Src/tim.c" -mcpu=cortex-m4 -std=gnu11 -g3 -DUSE_FULL_LL_DRIVER '-D__weak=__attribute__((weak))' '-D__packed=__attribute__((__packed__))' -DUSE_HAL_DRIVER -DSTM32F407xx -DSTM32 -DSTM32F4 -DSTM32F46 -DSTM32F4_6 -c -I../Inc -I../Drivers/STM32F4xx_HAL_Driver/Inc -I../Drivers/STM32F4xx_HAL_Driver/Inc/Legacy -I../Drivers/CMSIS/Device/ST/STM32F4xx/Include -I../Drivers/CMSIS/Include -I"C:/Users/wolfg/git/grbl32/grbl" -I"C:/Users/wolfg/git/grbl32/stm32" -Os -ffunction-sections -fdata-sections -Wall -fstack-usage -MMD -MP -MF"Src/tim.d" -MT"Src/tim.o" --specs=nano.specs -mfpu=fpv4-sp-d16 -mfloat-abi=hard -mthumb -o "Src/tim.o"
arm-none-eabi-gcc -c "../Src/usart.c" -mcpu=cortex-m4 -std=gnu11 -g3 -DUSE_FULL_LL_DRIVER '-D__weak=__attribute__((weak))' '-D__packed=__attribute__((__packed__))' -DUSE_HAL_DRIVER -DSTM32F407xx -DSTM32 -DSTM32F4 -DSTM32F46 -DSTM32F4_6 -c -I../Inc -I../Drivers/STM32F4xx_HAL_Driver/Inc -I../Drivers/STM32F4xx_HAL_Driver/Inc/Legacy -I../Drivers/CMSIS/Device/ST/STM32F4xx/Include -I../Drivers/CMSIS/Include -I"C:/Users/wolfg/git/grbl32/grbl" -I"C:/Users/wolfg/git/grbl32/stm32" -Os -ffunction-sections -fdata-sections -Wall -fstack-usage -MMD -MP -MF"Src/usart.d" -MT"Src/usart.o" --specs=nano.specs -mfpu=fpv4-sp-d16 -mfloat-abi=hard -mthumb -o "Src/usart.o"
arm-none-eabi-gcc -c "../Drivers/STM32F4xx_HAL_Driver/Src/stm32f4xx_hal.c" -mcpu=cortex-m4 -std=gnu11 -g3 -DUSE_FULL_LL_DRIVER '-D__weak=__attribute__((weak))' '-D__packed=__attribute__((__packed__))' -DUSE_HAL_DRIVER -DSTM32F407xx -DSTM32 -DSTM32F4 -DSTM32F46 -DSTM32F4_6 -c -I../Inc -I../Drivers/STM32F4xx_HAL_Driver/Inc -I../Drivers/STM32F4xx_HAL_Driver/Inc/Legacy -I../Drivers/CMSIS/Device/ST/STM32F4xx/Include -I../Drivers/CMSIS/Include -I"C:/Users/wolfg/git/grbl32/grbl" -I"C:/Users/wolfg/git/grbl32/stm32" -Os -ffunction-sections -fdata-sections -Wall -fstack-usage -MMD -MP -MF"Drivers/STM32F4xx_HAL_Driver/Src/stm32f4xx_hal.d" -MT"Drivers/STM32F4xx_HAL_Driver/Src/stm32f4xx_hal.o" --specs=nano.specs -mfpu=fpv4-sp-d16 -mfloat-abi=hard -mthumb -o "Drivers/STM32F4xx_HAL_Driver/Src/stm32f4xx_hal.o"
arm-none-eabi-gcc -c "../Drivers/STM32F4xx_HAL_Driver/Src/stm32f4xx_hal_cortex.c" -mcpu=cortex-m4 -std=gnu11 -g3 -DUSE_FULL_LL_DRIVER '-D__weak=__attribute__((weak))' '-D__packed=__attribute__((__packed__))' -DUSE_HAL_DRIVER -DSTM32F407xx -DSTM32 -DSTM32F4 -DSTM32F46 -DSTM32F4_6 -c -I../Inc -I../Drivers/STM32F4xx_HAL_Driver/Inc -I../Drivers/STM32F4xx_HAL_Driver/Inc/Legacy -I../Drivers/CMSIS/Device/ST/STM32F4xx/Include -I../Drivers/CMSIS/Include -I"C:/Users/wolfg/git/grbl32/grbl" -I"C:/Users/wolfg/git/grbl32/stm32" -Os -ffunction-sections -fdata-sections -Wall -fstack-usage -MMD -MP -MF"Drivers/STM32F4xx_HAL_Driver/Src/stm32f4xx_hal_cortex.d" -MT"Drivers/STM32F4xx_HAL_Driver/Src/stm32f4xx_hal_cortex.o" --specs=nano.specs -mfpu=fpv4-sp-d16 -mfloat-abi=hard -mthumb -o "Drivers/STM32F4xx_HAL_Driver/Src/stm32f4xx_hal_cortex.o"
arm-none-eabi-gcc -c "../Drivers/STM32F4xx_HAL_Driver/Src/stm32f4xx_hal_dma.c" -mcpu=cortex-m4 -std=gnu11 -g3 -DUSE_FULL_LL_DRIVER '-D__weak=__attribute__((weak))' '-D__packed=__attribute__((__packed__))' -DUSE_HAL_DRIVER -DSTM32F407xx -DSTM32 -DSTM32F4 -DSTM32F46 -DSTM32F4_6 -c -I../Inc -I../Drivers/STM32F4xx_HAL_Driver/Inc -I../Drivers/STM32F4xx_HAL_Driver/Inc/Legacy -I../Drivers/CMSIS/Device/ST/STM32F4xx/Include -I../Drivers/CMSIS/Include -I"C:/Users/wolfg/git/grbl32/grbl" -I"C:/Users/wolfg/git/grbl32/stm32" -Os -ffunction-sections -fdata-sections -Wall -fstack-usage -MMD -MP -MF"Drivers/STM32F4xx_HAL_Driver/Src/stm32f4xx_hal_dma.d" -MT"Drivers/STM32F4xx_HAL_Driver/Src/stm32f4xx_hal_dma.o" --specs=nano.specs -mfpu=fpv4-sp-d16 -mfloat-abi=hard -mthumb -o "Drivers/STM32F4xx_HAL_Driver/Src/stm32f4xx_hal_dma.o"
arm-none-eabi-gcc -c "../Drivers/STM32F4xx_HAL_Driver/Src/stm32f4xx_hal_dma_ex.c" -mcpu=cortex-m4 -std=gnu11 -g3 -DUSE_FULL_LL_DRIVER '-D__weak=__attribute__((weak))' '-D__packed=__attribute__((__packed__))' -DUSE_HAL_DRIVER -DSTM32F407xx -DSTM32 -DSTM32F4 -DSTM32F46 -DSTM32F4_6 -c -I../Inc -I../Drivers/STM32F4xx_HAL_Driver/Inc -I../Drivers/STM32F4xx_HAL_Driver/Inc/Legacy -I../Drivers/CMSIS/Device/ST/STM32F4xx/Include -I../Drivers/CMSIS/Include -I"C:/Users/wolfg/git/grbl32/grbl" -I"C:/Users/wolfg/git/grbl32/stm32" -Os -ffunction-sections -fdata-sections -Wall -fstack-usage -MMD -MP -MF"Drivers/STM32F4xx_HAL_Driver/Src/stm32f4xx_hal_dma_ex.d" -MT"Drivers/STM32F4xx_HAL_Driver/Src/stm32f4xx_hal_dma_ex.o" --specs=nano.specs -mfpu=fpv4-sp-d16 -mfloat-abi=hard -mthumb -o "Drivers/STM32F4xx_HAL_Driver/Src/stm32f4xx_hal_dma_ex.o"
arm-none-eabi-gcc -c "../Drivers/STM32F4xx_HAL_Driver/Src/stm32f4xx_hal_exti.c" -mcpu=cortex-m4 -std=gnu11 -g3 -DUSE_FULL_LL_DRIVER '-D__weak=__attribute__((weak))' '-D__packed=__attribute__((__packed__))' -DUSE_HAL_DRIVER -DSTM32F407xx -DSTM32 -DSTM32F4 -DSTM32F46 -DSTM32F4_6 -c -I../Inc -I../Drivers/STM32F4xx_HAL_Driver/Inc -I../Drivers/STM32F4xx_HAL_Driver/Inc/Legacy -I../Drivers/CMSIS/Device/ST/STM32F4xx/Include -I../Drivers/CMSIS/Include -I"C:/Users/wolfg/git/grbl32/grbl" -I"C:/Users/wolfg/git/grbl32/stm32" -Os -ffunction-sections -fdata-sections -Wall -fstack-usage -MMD -MP -MF"Drivers/STM32F4xx_HAL_Driver/Src/stm32f4xx_hal_exti.d" -MT"Drivers/STM32F4xx_HAL_Driver/Src/stm32f4xx_hal_exti.o" --specs=nano.specs -mfpu=fpv4-sp-d16 -mfloat-abi=hard -mthumb -o "Drivers/STM32F4xx_HAL_Driver/Src/stm32f4xx_hal_exti.o"
arm-none-eabi-gcc -c "../Drivers/STM32F4xx_HAL_Driver/Src/stm32f4xx_hal_flash.c" -mcpu=cortex-m4 -std=gnu11 -g3 -DUSE_FULL_LL_DRIVER '-D__weak=__attribute__((weak))' '-D__packed=__attribute__((__packed__))' -DUSE_HAL_DRIVER -DSTM32F407xx -DSTM32 -DSTM32F4 -DSTM32F46 -DSTM32F4_6 -c -I../Inc -I../Drivers/STM32F4xx_HAL_Driver/Inc -I../Drivers/STM32F4xx_HAL_Driver/Inc/Legacy -I../Drivers/CMSIS/Device/ST/STM32F4xx/Include -I../Drivers/CMSIS/Include -I"C:/Users/wolfg/git/grbl32/grbl" -I"C:/Users/wolfg/git/grbl32/stm32" -Os -ffunction-sections -fdata-sections -Wall -fstack-usage -MMD -MP -MF"Drivers/STM32F4xx_HAL_Driver/Src/stm32f4xx_hal_flash.d" -MT"Drivers/STM32F4xx_HAL_Driver/Src/stm32f4xx_hal_flash.o" --specs=nano.specs -mfpu=fpv4-sp-d16 -mfloat-abi=hard -mthumb -o "Drivers/STM32F4xx_HAL_Driver/Src/stm32f4xx_hal_flash.o"
arm-none-eabi-gcc -c "../Drivers/STM32F4xx_HAL_Driver/Src/stm32f4xx_hal_flash_ex.c" -mcpu=cortex-m4 -std=gnu11 -g3 -DUSE_FULL_LL_DRIVER '-D__weak=__attribute__((weak))' '-D__packed=__attribute__((__packed__))' -DUSE_HAL_DRIVER -DSTM32F407xx -DSTM32 -DSTM32F4 -DSTM32F46 -DSTM32F4_6 -c -I../Inc -I../Drivers/STM32F4xx_HAL_Driver/Inc -I../Drivers/STM32F4xx_HAL_Driver/Inc/Legacy -I../Drivers/CMSIS/Device/ST/STM32F4xx/Include -I../Drivers/CMSIS/Include -I"C:/Users/wolfg/git/grbl32/grbl" -I"C:/Users/wolfg/git/grbl32/stm32" -Os -ffunction-sections -fdata-sections -Wall -fstack-usage -MMD -MP -MF"Drivers/STM32F4xx_HAL_Driver/Src/stm32f4xx_hal_flash_ex.d" -MT"Drivers/STM32F4xx_HAL_Driver/Src/stm32f4xx_hal_flash_ex.o" --specs=nano.specs -mfpu=fpv4-sp-d16 -mfloat-abi=hard -mthumb -o "Drivers/STM32F4xx_HAL_Driver/Src/stm32f4xx_hal_flash_ex.o"
arm-none-eabi-gcc -c "../Drivers/STM32F4xx_HAL_Driver/Src/stm32f4xx_hal_flash_ramfunc.c" -mcpu=cortex-m4 -std=gnu11 -g3 -DUSE_FULL_LL_DRIVER '-D__weak=__attribute__((weak))' '-D__packed=__attribute__((__packed__))' -DUSE_HAL_DRIVER -DSTM32F407xx -DSTM32 -DSTM32F4 -DSTM32F46 -DSTM32F4_6 -c -I../Inc -I../Drivers/STM32F4xx_HAL_Driver/Inc -I../Drivers/STM32F4xx_HAL_Driver/Inc/Legacy -I../Drivers/CMSIS/Device/ST/STM32F4xx/Include -I../Drivers/CMSIS/Include -I"C:/Users/wolfg/git/grbl32/grbl" -I"C:/Users/wolfg/git/grbl32/stm32" -Os -ffunction-sections -fdata-sections -Wall -fstack-usage -MMD -MP -MF"Drivers/STM32F4xx_HAL_Driver/Src/stm32f4xx_hal_flash_ramfunc.d" -MT"Drivers/STM32F4xx_HAL_Driver/Src/stm32f4xx_hal_flash_ramfunc.o" --specs=nano.specs -mfpu=fpv4-sp-d16 -mfloat-abi=hard -mthumb -o "Drivers/STM32F4xx_HAL_Driver/Src/stm32f4xx_hal_flash_ramfunc.o"
arm-none-eabi-gcc -c "../Drivers/STM32F4xx_HAL_Driver/Src/stm32f4xx_hal_gpio.c" -mcpu=cortex-m4 -std=gnu11 -g3 -DUSE_FULL_LL_DRIVER '-D__weak=__attribute__((weak))' '-D__packed=__attribute__((__packed__))' -DUSE_HAL_DRIVER -DSTM32F407xx -DSTM32 -DSTM32F4 -DSTM32F46 -DSTM32F4_6 -c -I../Inc -I../Drivers/STM32F4xx_HAL_Driver/Inc -I../Drivers/STM32F4xx_HAL_Driver/Inc/Legacy -I../Drivers/CMSIS/Device/ST/STM32F4xx/Include -I../Drivers/CMSIS/Include -I"C:/Users/wolfg/git/grbl32/grbl" -I"C:/Users/wolfg/git/grbl32/stm32" -Os -ffunction-sections -fdata-sections -Wall -fstack-usage -MMD -MP -MF"Drivers/STM32F4xx_HAL_Driver/Src/stm32f4xx_hal_gpio.d" -MT"Drivers/STM32F4xx_HAL_Driver/Src/stm32f4xx_hal_gpio.o" --specs=nano.specs -mfpu=fpv4-sp-d16 -mfloat-abi=hard -mthumb -o "Drivers/STM32F4xx_HAL_Driver/Src/stm32f4xx_hal_gpio.o"
arm-none-eabi-gcc -c "../Drivers/STM32F4xx_HAL_Driver/Src/stm32f4xx_hal_i2c.c" -mcpu=cortex-m4 -std=gnu11 -g3 -DUSE_FULL_LL_DRIVER '-D__weak=__attribute__((weak))' '-D__packed=__attribute__((__packed__))' -DUSE_HAL_DRIVER -DSTM32F407xx -DSTM32 -DSTM32F4 -DSTM32F46 -DSTM32F4_6 -c -I../Inc -I../Drivers/STM32F4xx_HAL_Driver/Inc -I../Drivers/STM32F4xx_HAL_Driver/Inc/Legacy -I../Drivers/CMSIS/Device/ST/STM32F4xx/Include -I../Drivers/CMSIS/Include -I"C:/Users/wolfg/git/grbl32/grbl" -I"C:/Users/wolfg/git/grbl32/stm32" -Os -ffunction-sections -fdata-sections -Wall -fstack-usage -MMD -MP -MF"Drivers/STM32F4xx_HAL_Driver/Src/stm32f4xx_hal_i2c.d" -MT"Drivers/STM32F4xx_HAL_Driver/Src/stm32f4xx_hal_i2c.o" --specs=nano.specs -mfpu=fpv4-sp-d16 -mfloat-abi=hard -mthumb -o "Drivers/STM32F4xx_HAL_Driver/Src/stm32f4xx_hal_i2c.o"
arm-none-eabi-gcc -c "../Drivers/STM32F4xx_HAL_Driver/Src/stm32f4xx_hal_i2c_ex.c" -mcpu=cortex-m4 -std=gnu11 -g3 -DUSE_FULL_LL_DRIVER '-D__weak=__attribute__((weak))' '-D__packed=__attribute__((__packed__))' -DUSE_HAL_DRIVER -DSTM32F407xx -DSTM32 -DSTM32F4 -DSTM32F46 -DSTM32F4_6 -c -I../Inc -I../Drivers/STM32F4xx_HAL_Driver/Inc -I../Drivers/STM32F4xx_HAL_Driver/Inc/Legacy -I../Drivers/CMSIS/Device/ST/STM32F4xx/Include -I../Drivers/CMSIS/Include -I"C:/Users/wolfg/git/grbl32/grbl" -I"C:/Users/wolfg/git/grbl32/stm32" -Os -ffunction-sections -fdata-sections -Wall -fstack-usage -MMD -MP -MF"Drivers/STM32F4xx_HAL_Driver/Src/stm32f4xx_hal_i2c_ex.d" -MT"Drivers/STM32F4xx_HAL_Driver/Src/stm32f4xx_hal_i2c_ex.o" --specs=nano.specs -mfpu=fpv4-sp-d16 -mfloat-abi=hard -mthumb -o "Drivers/STM32F4xx_HAL_Driver/Src/stm32f4xx_hal_i2c_ex.o"
arm-none-eabi-gcc -c "../Drivers/STM32F4xx_HAL_Driver/Src/stm32f4xx_hal_pwr.c" -mcpu=cortex-m4 -std=gnu11 -g3 -DUSE_FULL_LL_DRIVER '-D__weak=__attribute__((weak))' '-D__packed=__attribute__((__packed__))' -DUSE_HAL_DRIVER -DSTM32F407xx -DSTM32 -DSTM32F4 -DSTM32F46 -DSTM32F4_6 -c -I../Inc -I../Drivers/STM32F4xx_HAL_Driver/Inc -I../Drivers/STM32F4xx_HAL_Driver/Inc/Legacy -I../Drivers/CMSIS/Device/ST/STM32F4xx/Include -I../Drivers/CMSIS/Include -I"C:/Users/wolfg/git/grbl32/grbl" -I"C:/Users/wolfg/git/grbl32/stm32" -Os -ffunction-sections -fdata-sections -Wall -fstack-usage -MMD -MP -MF"Drivers/STM32F4xx_HAL_Driver/Src/stm32f4xx_hal_pwr.d" -MT"Drivers/STM32F4xx_HAL_Driver/Src/stm32f4xx_hal_pwr.o" --specs=nano.specs -mfpu=fpv4-sp-d16 -mfloat-abi=hard -mthumb -o "Drivers/STM32F4xx_HAL_Driver/Src/stm32f4xx_hal_pwr.o"
arm-none-eabi-gcc -c "../Drivers/STM32F4xx_HAL_Driver/Src/stm32f4xx_hal_pwr_ex.c" -mcpu=cortex-m4 -std=gnu11 -g3 -DUSE_FULL_LL_DRIVER '-D__weak=__attribute__((weak))' '-D__packed=__attribute__((__packed__))' -DUSE_HAL_DRIVER -DSTM32F407xx -DSTM32 -DSTM32F4 -DSTM32F46 -DSTM32F4_6 -c -I../Inc -I../Drivers/STM32F4xx_HAL_Driver/Inc -I../Drivers/STM32F4xx_HAL_Driver/Inc/Legacy -I../Drivers/CMSIS/Device/ST/STM32F4xx/Include -I../Drivers/CMSIS/Include -I"C:/Users/wolfg/git/grbl32/grbl" -I"C:/Users/wolfg/git/grbl32/stm32" -Os -ffunction-sections -fdata-sections -Wall -fstack-usage -MMD -MP -MF"Drivers/STM32F4xx_HAL_Driver/Src/stm32f4xx_hal_pwr_ex.d" -MT"Drivers/STM32F4xx_HAL_Driver/Src/stm32f4xx_hal_pwr_ex.o" --specs=nano.specs -mfpu=fpv4-sp-d16 -mfloat-abi=hard -mthumb -o "Drivers/STM32F4xx_HAL_Driver/Src/stm32f4xx_hal_pwr_ex.o"
arm-none-eabi-gcc -c "../Drivers/STM32F4xx_HAL_Driver/Src/stm32f4xx_hal_rcc.c" -mcpu=cortex-m4 -std=gnu11 -g3 -DUSE_FULL_LL_DRIVER '-D__weak=__attribute__((weak))' '-D__packed=__attribute__((__packed__))' -DUSE_HAL_DRIVER -DSTM32F407xx -DSTM32 -DSTM32F4 -DSTM32F46 -DSTM32F4_6 -c -I../Inc -I../Drivers/STM32F4xx_HAL_Driver/Inc -I../Drivers/STM32F4xx_HAL_Driver/Inc/Legacy -I../Drivers/CMSIS/Device/ST/STM32F4xx/Include -I../Drivers/CMSIS/Include -I"C:/Users/wolfg/git/grbl32/grbl" -I"C:/Users/wolfg/git/grbl32/stm32" -Os -ffunction-sections -fdata-sections -Wall -fstack-usage -MMD -MP -MF"Drivers/STM32F4xx_HAL_Driver/Src/stm32f4xx_hal_rcc.d" -MT"Drivers/STM32F4xx_HAL_Driver/Src/stm32f4xx_hal_rcc.o" --specs=nano.specs -mfpu=fpv4-sp-d16 -mfloat-abi=hard -mthumb -o "Drivers/STM32F4xx_HAL_Driver/Src/stm32f4xx_hal_rcc.o"
arm-none-eabi-gcc -c "../Drivers/STM32F4xx_HAL_Driver/Src/stm32f4xx_hal_rcc_ex.c" -mcpu=cortex-m4 -std=gnu11 -g3 -DUSE_FULL_LL_DRIVER '-D__weak=__attribute__((weak))' '-D__packed=__attribute__((__packed__))' -DUSE_HAL_DRIVER -DSTM32F407xx -DSTM32 -DSTM32F4 -DSTM32F46 -DSTM32F4_6 -c -I../Inc -I../Drivers/STM32F4xx_HAL_Driver/Inc -I../Drivers/STM32F4xx_HAL_Driver/Inc/Legacy -I../Drivers/CMSIS/Device/ST/STM32F4xx/Include -I../Drivers/CMSIS/Include -I"C:/Users/wolfg/git/grbl32/grbl" -I"C:/Users/wolfg/git/grbl32/stm32" -Os -ffunction-sections -fdata-sections -Wall -fstack-usage -MMD -MP -MF"Drivers/STM32F4xx_HAL_Driver/Src/stm32f4xx_hal_rcc_ex.d" -MT"Drivers/STM32F4xx_HAL_Driver/Src/stm32f4xx_hal_rcc_ex.o" --specs=nano.specs -mfpu=fpv4-sp-d16 -mfloat-abi=hard -mthumb -o "Drivers/STM32F4xx_HAL_Driver/Src/stm32f4xx_hal_rcc_ex.o"
arm-none-eabi-gcc -c "../Drivers/STM32F4xx_HAL_Driver/Src/stm32f4xx_hal_spi.c" -mcpu=cortex-m4 -std=gnu11 -g3 -DUSE_FULL_LL_DRIVER '-D__weak=__attribute__((weak))' '-D__packed=__attribute__((__packed__))' -DUSE_HAL_DRIVER -DSTM32F407xx -DSTM32 -DSTM32F4 -DSTM32F46 -DSTM32F4_6 -c -I../Inc -I../Drivers/STM32F4xx_HAL_Driver/Inc -I../Drivers/STM32F4xx_HAL_Driver/Inc/Legacy -I../Drivers/CMSIS/Device/ST/STM32F4xx/Include -I../Drivers/CMSIS/Include -I"C:/Users/wolfg/git/grbl32/grbl" -I"C:/Users/wolfg/git/grbl32/stm32" -Os -ffunction-sections -fdata-sections -Wall -fstack-usage -MMD -MP -MF"Drivers/STM32F4xx_HAL_Driver/Src/stm32f4xx_hal_spi.d" -MT"Drivers/STM32F4xx_HAL_Driver/Src/stm32f4xx_hal_spi.o" --specs=nano.specs -mfpu=fpv4-sp-d16 -mfloat-abi=hard -mthumb -o "Drivers/STM32F4xx_HAL_Driver/Src/stm32f4xx_hal_spi.o"
arm-none-eabi-gcc -c "../Drivers/STM32F4xx_HAL_Driver/Src/stm32f4xx_hal_tim.c" -mcpu=cortex-m4 -std=gnu11 -g3 -DUSE_FULL_LL_DRIVER '-D__weak=__attribute__((weak))' '-D__packed=__attribute__((__packed__))' -DUSE_HAL_DRIVER -DSTM32F407xx -DSTM32 -DSTM32F4 -DSTM32F46 -DSTM32F4_6 -c -I../Inc -I../Drivers/STM32F4xx_HAL_Driver/Inc -I../Drivers/STM32F4xx_HAL_Driver/Inc/Legacy -I../Drivers/CMSIS/Device/ST/STM32F4xx/Include -I../Drivers/CMSIS/Include -I"C:/Users/wolfg/git/grbl32/grbl" -I"C:/Users/wolfg/git/grbl32/stm32" -Os -ffunction-sections -fdata-sections -Wall -fstack-usage -MMD -MP -MF"Drivers/STM32F4xx_HAL_Driver/Src/stm32f4xx_hal_tim.d" -MT"Drivers/STM32F4xx_HAL_Driver/Src/stm32f4xx_hal_tim.o" --specs=nano.specs -mfpu=fpv4-sp-d16 -mfloat-abi=hard -mthumb -o "Drivers/STM32F4xx_HAL_Driver/Src/stm32f4xx_hal_tim.o"
arm-none-eabi-gcc -c "../Drivers/STM32F4xx_HAL_Driver/Src/stm32f4xx_hal_tim_ex.c" -mcpu=cortex-m4 -std=gnu11 -g3 -DUSE_FULL_LL_DRIVER '-D__weak=__attribute__((weak))' '-D__packed=__attribute__((__packed__))' -DUSE_HAL_DRIVER -DSTM32F407xx -DSTM32 -DSTM32F4 -DSTM32F46 -DSTM32F4_6 -c -I../Inc -I../Drivers/STM32F4xx_HAL_Driver/Inc -I../Drivers/STM32F4xx_HAL_Driver/Inc/Legacy -I../Drivers/CMSIS/Device/ST/STM32F4xx/Include -I../Drivers/CMSIS/Include -I"C:/Users/wolfg/git/grbl32/grbl" -I"C:/Users/wolfg/git/grbl32/stm32" -Os -ffunction-sections -fdata-sections -Wall -fstack-usage -MMD -MP -MF"Drivers/STM32F4xx_HAL_Driver/Src/stm32f4xx_hal_tim_ex.d" -MT"Drivers/STM32F4xx_HAL_Driver/Src/stm32f4xx_hal_tim_ex.o" --specs=nano.specs -mfpu=fpv4-sp-d16 -mfloat-abi=hard -mthumb -o "Drivers/STM32F4xx_HAL_Driver/Src/stm32f4xx_hal_tim_ex.o"
arm-none-eabi-gcc -c "../Drivers/STM32F4xx_HAL_Driver/Src/stm32f4xx_hal_uart.c" -mcpu=cortex-m4 -std=gnu11 -g3 -DUSE_FULL_LL_DRIVER '-D__weak=__attribute__((weak))' '-D__packed=__attribute__((__packed__))' -DUSE_HAL_DRIVER -DSTM32F407xx -DSTM32 -DSTM32F4 -DSTM32F46 -DSTM32F4_6 -c -I../Inc -I../Drivers/STM32F4xx_HAL_Driver/Inc -I../Drivers/STM32F4xx_HAL_Driver/Inc/Legacy -I../Drivers/CMSIS/Device/ST/STM32F4xx/Include -I../Drivers/CMSIS/Include -I"C:/Users/wolfg/git/grbl32/grbl" -I"C:/Users/wolfg/git/grbl32/stm32" -Os -ffunction-sections -fdata-sections -Wall -fstack-usage -MMD -MP -MF"Drivers/STM32F4xx_HAL_Driver/Src/stm32f4xx_hal_uart.d" -MT"Drivers/STM32F4xx_HAL_Driver/Src/stm32f4xx_hal_uart.o" --specs=nano.specs -mfpu=fpv4-sp-d16 -mfloat-abi=hard -mthumb -o "Drivers/STM32F4xx_HAL_Driver/Src/stm32f4xx_hal_uart.o"
arm-none-eabi-gcc -c "../Drivers/STM32F4xx_HAL_Driver/Src/stm32f4xx_ll_dma.c" -mcpu=cortex-m4 -std=gnu11 -g3 -DUSE_FULL_LL_DRIVER '-D__weak=__attribute__((weak))' '-D__packed=__attribute__((__packed__))' -DUSE_HAL_DRIVER -DSTM32F407xx -DSTM32 -DSTM32F4 -DSTM32F46 -DSTM32F4_6 -c -I../Inc -I../Drivers/STM32F4xx_HAL_Driver/Inc -I../Drivers/STM32F4xx_HAL_Driver/Inc/Legacy -I../Drivers/CMSIS/Device/ST/STM32F4xx/Include -I../Drivers/CMSIS/Include -I"C:/Users/wolfg/git/grbl32/grbl" -I"C:/Users/wolfg/git/grbl32/stm32" -Os -ffunction-sections -fdata-sections -Wall -fstack-usage -MMD -MP -MF"Drivers/STM32F4xx_HAL_Driver/Src/stm32f4xx_ll_dma.d" -MT"Drivers/STM32F4xx_HAL_Driver/Src/stm32f4xx_ll_dma.o" --specs=nano.specs -mfpu=fpv4-sp-d16 -mfloat-abi=hard -mthumb -o "Drivers/STM32F4xx_HAL_Driver/Src/stm32f4xx_ll_dma.o"
arm-none-eabi-gcc -c "../Drivers/STM32F4xx_HAL_Driver/Src/stm32f4xx_ll_exti.c" -mcpu=cortex-m4 -std=gnu11 -g3 -DUSE_FULL_LL_DRIVER '-D__weak=__attribute__((weak))' '-D__packed=__attribute__((__packed__))' -DUSE_HAL_DRIVER -DSTM32F407xx -DSTM32 -DSTM32F4 -DSTM32F46 -DSTM32F4_6 -c -I../Inc -I../Drivers/STM32F4xx_HAL_Driver/Inc -I../Drivers/STM32F4xx_HAL_Driver/Inc/Legacy -I../Drivers/CMSIS/Device/ST/STM32F4xx/Include -I../Drivers/CMSIS/Include -I"C:/Users/wolfg/git/grbl32/grbl" -I"C:/Users/wolfg/git/grbl32/stm32" -Os -ffunction-sections -fdata-sections -Wall -fstack-usage -MMD -MP -MF"Drivers/STM32F4xx_HAL_Driver/Src/stm32f4xx_ll_exti.d" -MT"Drivers/STM32F4xx_HAL_Driver/Src/stm32f4xx_ll_exti.o" --specs=nano.specs -mfpu=fpv4-sp-d16 -mfloat-abi=hard -mthumb -o "Drivers/STM32F4xx_HAL_Driver/Src/stm32f4xx_ll_exti.o"
arm-none-eabi-gcc -c "../Drivers/STM32F4xx_HAL_Driver/Src/stm32f4xx_ll_gpio.c" -mcpu=cortex-m4 -std=gnu11 -g3 -DUSE_FULL_LL_DRIVER '-D__weak=__attribute__((weak))' '-D__packed=__attribute__((__packed__))' -DUSE_HAL_DRIVER -DSTM32F407xx -DSTM32 -DSTM32F4 -DSTM32F46 -DSTM32F4_6 -c -I../Inc -I../Drivers/STM32F4xx_HAL_Driver/Inc -I../Drivers/STM32F4xx_HAL_Driver/Inc/Legacy -I../Drivers/CMSIS/Device/ST/STM32F4xx/Include -I../Drivers/CMSIS/Include -I"C:/Users/wolfg/git/grbl32/grbl" -I"C:/Users/wolfg/git/grbl32/stm32" -Os -ffunction-sections -fdata-sections -Wall -fstack-usage -MMD -MP -MF"Drivers/STM32F4xx_HAL_Driver/Src/stm32f4xx_ll_gpio.d" -MT"Drivers/STM32F4xx_HAL_Driver/Src/stm32f4xx_ll_gpio.o" --specs=nano.specs -mfpu=fpv4-sp-d16 -mfloat-abi=hard -mthumb -o "Drivers/STM32F4xx_HAL_Driver/Src/stm32f4xx_ll_gpio.o"
arm-none-eabi-gcc -c "../Drivers/STM32F4xx_HAL_Driver/Src/stm32f4xx_ll_rcc.c" -mcpu=cortex-m4 -std=gnu11 -g3 -DUSE_FULL_LL_DRIVER '-D__weak=__attribute__((weak))' '-D__packed=__attribute__((__packed__))' -DUSE_HAL_DRIVER -DSTM32F407xx -DSTM32 -DSTM32F4 -DSTM32F46 -DSTM32F4_6 -c -I../Inc -I../Drivers/STM32F4xx_HAL_Driver/Inc -I../Drivers/STM32F4xx_HAL_Driver/Inc/Legacy -I../Drivers/CMSIS/Device/ST/STM32F4xx/Include -I../Drivers/CMSIS/Include -I"C:/Users/wolfg/git/grbl32/grbl" -I"C:/Users/wolfg/git/grbl32/stm32" -Os -ffunction-sections -fdata-sections -Wall -fstack-usage -MMD -MP -MF"Drivers/STM32F4xx_HAL_Driver/Src/stm32f4xx_ll_rcc.d" -MT"Drivers/STM32F4xx_HAL_Driver/Src/stm32f4xx_ll_rcc.o" --specs=nano.specs -mfpu=fpv4-sp-d16 -mfloat-abi=hard -mthumb -o "Drivers/STM32F4xx_HAL_Driver/Src/stm32f4xx_ll_rcc.o"
arm-none-eabi-gcc -c "../Drivers/STM32F4xx_HAL_Driver/Src/stm32f4xx_ll_tim.c" -mcpu=cortex-m4 -std=gnu11 -g3 -DUSE_FULL_LL_DRIVER '-D__weak=__attribute__((weak))' '-D__packed=__attribute__((__packed__))' -DUSE_HAL_DRIVER -DSTM32F407xx -DSTM32 -DSTM32F4 -DSTM32F46 -DSTM32F4_6 -c -I../Inc -I../Drivers/STM32F4xx_HAL_Driver/Inc -I../Drivers/STM32F4xx_HAL_Driver/Inc/Legacy -I../Drivers/CMSIS/Device/ST/STM32F4xx/Include -I../Drivers/CMSIS/Include -I"C:/Users/wolfg/git/grbl32/grbl" -I"C:/Users/wolfg/git/grbl32/stm32" -Os -ffunction-sections -fdata-sections -Wall -fstack-usage -MMD -MP -MF"Drivers/STM32F4xx_HAL_Driver/Src/stm32f4xx_ll_tim.d" -MT"Drivers/STM32F4xx_HAL_Driver/Src/stm32f4xx_ll_tim.o" --specs=nano.specs -mfpu=fpv4-sp-d16 -mfloat-abi=hard -mthumb -o "Drivers/STM32F4xx_HAL_Driver/Src/stm32f4xx_ll_tim.o"
arm-none-eabi-gcc -c "../Drivers/STM32F4xx_HAL_Driver/Src/stm32f4xx_ll_usart.c" -mcpu=cortex-m4 -std=gnu11 -g3 -DUSE_FULL_LL_DRIVER '-D__weak=__attribute__((weak))' '-D__packed=__attribute__((__packed__))' -DUSE_HAL_DRIVER -DSTM32F407xx -DSTM32 -DSTM32F4 -DSTM32F46 -DSTM32F4_6 -c -I../Inc -I../Drivers/STM32F4xx_HAL_Driver/Inc -I../Drivers/STM32F4xx_HAL_Driver/Inc/Legacy -I../Drivers/CMSIS/Device/ST/STM32F4xx/Include -I../Drivers/CMSIS/Include -I"C:/Users/wolfg/git/grbl32/grbl" -I"C:/Users/wolfg/git/grbl32/stm32" -Os -ffunction-sections -fdata-sections -Wall -fstack-usage -MMD -MP -MF"Drivers/STM32F4xx_HAL_Driver/Src/stm32f4xx_ll_usart.d" -MT"Drivers/STM32F4xx_HAL_Driver/Src/stm32f4xx_ll_usart.o" --specs=nano.specs -mfpu=fpv4-sp-d16 -mfloat-abi=hard -mthumb -o "Drivers/STM32F4xx_HAL_Driver/Src/stm32f4xx_ll_usart.o"
arm-none-eabi-gcc -c "../Drivers/STM32F4xx_HAL_Driver/Src/stm32f4xx_ll_utils.c" -mcpu=cortex-m4 -std=gnu11 -g3 -DUSE_FULL_LL_DRIVER '-D__weak=__attribute__((weak))' '-D__packed=__attribute__((__packed__))' -DUSE_HAL_DRIVER -DSTM32F407xx -DSTM32 -DSTM32F4 -DSTM32F46 -DSTM32F4_6 -c -I../Inc -I../Drivers/STM32F4xx_HAL_Driver/Inc -I../Drivers/STM32F4xx_HAL_Driver/Inc/Legacy -I../Drivers/CMSIS/Device/ST/STM32F4xx/Include -I../Drivers/CMSIS/Include -I"C:/Users/wolfg/git/grbl32/grbl" -I"C:/Users/wolfg/git/grbl32/stm32" -Os -ffunction-sections -fdata-sections -Wall -fstack-usage -MMD -MP -MF"Drivers/STM32F4xx_HAL_Driver/Src/stm32f4xx_ll_utils.d" -MT"Drivers/STM32F4xx_HAL_Driver/Src/stm32f4xx_ll_utils.o" --specs=nano.specs -mfpu=fpv4-sp-d16 -mfloat-abi=hard -mthumb -o "Drivers/STM32F4xx_HAL_Driver/Src/stm32f4xx_ll_utils.o"
arm-none-eabi-gcc -o "F46.elf" @"objects.list"   -mcpu=cortex-m4 -T"../STM32F407VE_FLASH.ld" --specs=nosys.specs -Wl,-Map="F46.map" -Wl,--gc-sections -static --specs=nano.specs -mfpu=fpv4-sp-d16 -mfloat-abi=hard -mthumb -Wl,--start-group -lc -lm -Wl,--end-group
Finished building target: F46.elf
 
arm-none-eabi-size   F46.elf 
   text	   data	    bss	    dec	    hex	filename
  45388	    152	  19124	  64664	   fc98	F46.elf
Finished building: default.size.stdout
 
arm-none-eabi-objdump -h -S  F46.elf  > "F46.list"
Finished building: F46.list
 
arm-none-eabi-objcopy.exe -O ihex "F46.elf" "F46.hex"
 
12:36:43 **** Incremental Build of configuration Debug for project F46 ****
make all 
arm-none-eabi-size   F46.elf 
   text	   data	    bss	    dec	    hex	filename
  45388	    152	  19124	  64664	   fc98	F46.elf
Finished building: default.size.stdout
 
arm-none-eabi-objcopy.exe -O ihex "F46.elf" "F46.hex"
 
14:04:37 **** Incremental Build of configuration Debug for project F46 ****
make all 
arm-none-eabi-size   F46.elf 
   text	   data	    bss	    dec	    hex	filename
  45388	    152	  19124	  64664	   fc98	F46.elf
Finished building: default.size.stdout
 
arm-none-eabi-objcopy.exe -O ihex "F46.elf" "F46.hex"
 
15:29:15 **** Clean-only build of configuration Debug for project F46 ****
make clean 
rm -rf ./stm32/inoutputs.d ./stm32/inoutputs.o ./stm32/inoutputs.su ./stm32/lcd-i2c.d ./stm32/lcd-i2c.o ./stm32/lcd-i2c.su ./stm32/stm32utilities.d ./stm32/stm32utilities.o ./stm32/stm32utilities.su
rm -rf ./startup/startup_stm32f407xx.d ./startup/startup_stm32f407xx.o
rm -rf ./grbl/coolant_control.d ./grbl/coolant_control.o ./grbl/coolant_control.su ./grbl/eeprom.d ./grbl/eeprom.o ./grbl/eeprom.su ./grbl/gcode.d ./grbl/gcode.o ./grbl/gcode.su ./grbl/jog.d ./grbl/jog.o ./grbl/jog.su ./grbl/limits.d ./grbl/limits.o ./grbl/limits.su ./grbl/motion_control.d ./grbl/motion_control.o ./grbl/motion_control.su ./grbl/nuts_bolts.d ./grbl/nuts_bolts.o ./grbl/nuts_bolts.su ./grbl/planner.d ./grbl/planner.o ./grbl/planner.su ./grbl/print.d ./grbl/print.o ./grbl/print.su ./grbl/probe.d ./grbl/probe.o ./grbl/probe.su ./grbl/protocol.d ./grbl/protocol.o ./grbl/protocol.su ./grbl/report.d ./grbl/report.o ./grbl/report.su ./grbl/serial.d ./grbl/serial.o ./grbl/serial.su ./grbl/settings.d ./grbl/settings.o ./grbl/settings.su ./grbl/spindle_control.d ./grbl/spindle_control.o ./grbl/spindle_control.su ./grbl/stepper.d ./grbl/stepper.o ./grbl/stepper.su ./grbl/system.d ./grbl/system.o ./grbl/system.su
rm -rf ./Src/gpio.d ./Src/gpio.o ./Src/gpio.su ./Src/i2c.d ./Src/i2c.o ./Src/i2c.su ./Src/main.d ./Src/main.o ./Src/main.su ./Src/spi.d ./Src/spi.o ./Src/spi.su ./Src/stm32f4xx_hal_msp.d ./Src/stm32f4xx_hal_msp.o ./Src/stm32f4xx_hal_msp.su ./Src/stm32f4xx_it.d ./Src/stm32f4xx_it.o ./Src/stm32f4xx_it.su ./Src/syscalls.d ./Src/syscalls.o ./Src/syscalls.su ./Src/system_stm32f4xx.d ./Src/system_stm32f4xx.o ./Src/system_stm32f4xx.su ./Src/tim.d ./Src/tim.o ./Src/tim.su ./Src/usart.d ./Src/usart.o ./Src/usart.su
rm -rf ./Drivers/STM32F4xx_HAL_Driver/Src/stm32f4xx_hal.d ./Drivers/STM32F4xx_HAL_Driver/Src/stm32f4xx_hal.o ./Drivers/STM32F4xx_HAL_Driver/Src/stm32f4xx_hal.su ./Drivers/STM32F4xx_HAL_Driver/Src/stm32f4xx_hal_cortex.d ./Drivers/STM32F4xx_HAL_Driver/Src/stm32f4xx_hal_cortex.o ./Drivers/STM32F4xx_HAL_Driver/Src/stm32f4xx_hal_cortex.su ./Drivers/STM32F4xx_HAL_Driver/Src/stm32f4xx_hal_dma.d ./Drivers/STM32F4xx_HAL_Driver/Src/stm32f4xx_hal_dma.o ./Drivers/STM32F4xx_HAL_Driver/Src/stm32f4xx_hal_dma.su ./Drivers/STM32F4xx_HAL_Driver/Src/stm32f4xx_hal_dma_ex.d ./Drivers/STM32F4xx_HAL_Driver/Src/stm32f4xx_hal_dma_ex.o ./Drivers/STM32F4xx_HAL_Driver/Src/stm32f4xx_hal_dma_ex.su ./Drivers/STM32F4xx_HAL_Driver/Src/stm32f4xx_hal_exti.d ./Drivers/STM32F4xx_HAL_Driver/Src/stm32f4xx_hal_exti.o ./Drivers/STM32F4xx_HAL_Driver/Src/stm32f4xx_hal_exti.su ./Drivers/STM32F4xx_HAL_Driver/Src/stm32f4xx_hal_flash.d ./Drivers/STM32F4xx_HAL_Driver/Src/stm32f4xx_hal_flash.o ./Drivers/STM32F4xx_HAL_Driver/Src/stm32f4xx_hal_flash.su ./Drivers/STM32F4xx_HAL_Driver/Src/stm32f4xx_hal_flash_ex.d ./Drivers/STM32F4xx_HAL_Driver/Src/stm32f4xx_hal_flash_ex.o ./Drivers/STM32F4xx_HAL_Driver/Src/stm32f4xx_hal_flash_ex.su ./Drivers/STM32F4xx_HAL_Driver/Src/stm32f4xx_hal_flash_ramfunc.d ./Drivers/STM32F4xx_HAL_Driver/Src/stm32f4xx_hal_flash_ramfunc.o ./Drivers/STM32F4xx_HAL_Driver/Src/stm32f4xx_hal_flash_ramfunc.su ./Drivers/STM32F4xx_HAL_Driver/Src/stm32f4xx_hal_gpio.d ./Drivers/STM32F4xx_HAL_Driver/Src/stm32f4xx_hal_gpio.o ./Drivers/STM32F4xx_HAL_Driver/Src/stm32f4xx_hal_gpio.su ./Drivers/STM32F4xx_HAL_Driver/Src/stm32f4xx_hal_i2c.d ./Drivers/STM32F4xx_HAL_Driver/Src/stm32f4xx_hal_i2c.o ./Drivers/STM32F4xx_HAL_Driver/Src/stm32f4xx_hal_i2c.su ./Drivers/STM32F4xx_HAL_Driver/Src/stm32f4xx_hal_i2c_ex.d ./Drivers/STM32F4xx_HAL_Driver/Src/stm32f4xx_hal_i2c_ex.o ./Drivers/STM32F4xx_HAL_Driver/Src/stm32f4xx_hal_i2c_ex.su ./Drivers/STM32F4xx_HAL_Driver/Src/stm32f4xx_hal_pwr.d ./Drivers/STM32F4xx_HAL_Driver/Src/stm32f4xx_hal_pwr.o ./Drivers/STM32F4xx_HAL_Driver/Src/stm32f4xx_hal_pwr.su ./Drivers/STM32F4xx_HAL_Driver/Src/stm32f4xx_hal_pwr_ex.d ./Drivers/STM32F4xx_HAL_Driver/Src/stm32f4xx_hal_pwr_ex.o ./Drivers/STM32F4xx_HAL_Driver/Src/stm32f4xx_hal_pwr_ex.su ./Drivers/STM32F4xx_HAL_Driver/Src/stm32f4xx_hal_rcc.d ./Drivers/STM32F4xx_HAL_Driver/Src/stm32f4xx_hal_rcc.o ./Drivers/STM32F4xx_HAL_Driver/Src/stm32f4xx_hal_rcc.su ./Drivers/STM32F4xx_HAL_Driver/Src/stm32f4xx_hal_rcc_ex.d ./Drivers/STM32F4xx_HAL_Driver/Src/stm32f4xx_hal_rcc_ex.o ./Drivers/STM32F4xx_HAL_Driver/Src/stm32f4xx_hal_rcc_ex.su ./Drivers/STM32F4xx_HAL_Driver/Src/stm32f4xx_hal_spi.d ./Drivers/STM32F4xx_HAL_Driver/Src/stm32f4xx_hal_spi.o ./Drivers/STM32F4xx_HAL_Driver/Src/stm32f4xx_hal_spi.su ./Drivers/STM32F4xx_HAL_Driver/Src/stm32f4xx_hal_tim.d ./Drivers/STM32F4xx_HAL_Driver/Src/stm32f4xx_hal_tim.o ./Drivers/STM32F4xx_HAL_Driver/Src/stm32f4xx_hal_tim.su ./Drivers/STM32F4xx_HAL_Driver/Src/stm32f4xx_hal_tim_ex.d ./Drivers/STM32F4xx_HAL_Driver/Src/stm32f4xx_hal_tim_ex.o ./Drivers/STM32F4xx_HAL_Driver/Src/stm32f4xx_hal_tim_ex.su ./Drivers/STM32F4xx_HAL_Driver/Src/stm32f4xx_hal_uart.d ./Drivers/STM32F4xx_HAL_Driver/Src/stm32f4xx_hal_uart.o ./Drivers/STM32F4xx_HAL_Driver/Src/stm32f4xx_hal_uart.su ./Drivers/STM32F4xx_HAL_Driver/Src/stm32f4xx_ll_dma.d ./Drivers/STM32F4xx_HAL_Driver/Src/stm32f4xx_ll_dma.o ./Drivers/STM32F4xx_HAL_Driver/Src/stm32f4xx_ll_dma.su ./Drivers/STM32F4xx_HAL_Driver/Src/stm32f4xx_ll_exti.d ./Drivers/STM32F4xx_HAL_Driver/Src/stm32f4xx_ll_exti.o ./Drivers/STM32F4xx_HAL_Driver/Src/stm32f4xx_ll_exti.su ./Drivers/STM32F4xx_HAL_Driver/Src/stm32f4xx_ll_gpio.d ./Drivers/STM32F4xx_HAL_Driver/Src/stm32f4xx_ll_gpio.o ./Drivers/STM32F4xx_HAL_Driver/Src/stm32f4xx_ll_gpio.su ./Drivers/STM32F4xx_HAL_Driver/Src/stm32f4xx_ll_rcc.d ./Drivers/STM32F4xx_HAL_Driver/Src/stm32f4xx_ll_rcc.o ./Drivers/STM32F4xx_HAL_Driver/Src/stm32f4xx_ll_rcc.su ./Drivers/STM32F4xx_HAL_Driver/Src/stm32f4xx_ll_tim.d ./Drivers/STM32F4xx_HAL_Driver/Src/stm32f4xx_ll_tim.o ./Drivers/STM32F4xx_HAL_Driver/Src/stm32f4xx_ll_tim.su ./Drivers/STM32F4xx_HAL_Driver/Src/stm32f4xx_ll_usart.d ./Drivers/STM32F4xx_HAL_Driver/Src/stm32f4xx_ll_usart.o ./Drivers/STM32F4xx_HAL_Driver/Src/stm32f4xx_ll_usart.su ./Drivers/STM32F4xx_HAL_Driver/Src/stm32f4xx_ll_utils.d ./Drivers/STM32F4xx_HAL_Driver/Src/stm32f4xx_ll_utils.o ./Drivers/STM32F4xx_HAL_Driver/Src/stm32f4xx_ll_utils.su
rm -rf F46.elf F46.list F46.map default.size.stdout
 
15:29:16 **** Build of configuration Debug for project F46 ****
make all 
arm-none-eabi-gcc -c "C:/Users/wolfg/git/grbl32/stm32/inoutputs.c" -mcpu=cortex-m4 -std=gnu11 -g3 -DUSE_FULL_LL_DRIVER '-D__weak=__attribute__((weak))' '-D__packed=__attribute__((__packed__))' -DUSE_HAL_DRIVER -DSTM32F407xx -DSTM32 -DSTM32F4 -DSTM32F46 -DSTM32F4_6 -c -I../Inc -I../Drivers/STM32F4xx_HAL_Driver/Inc -I../Drivers/STM32F4xx_HAL_Driver/Inc/Legacy -I../Drivers/CMSIS/Device/ST/STM32F4xx/Include -I../Drivers/CMSIS/Include -I"C:/Users/wolfg/git/grbl32/grbl" -I"C:/Users/wolfg/git/grbl32/stm32" -Os -ffunction-sections -fdata-sections -Wall -fstack-usage -MMD -MP -MF"stm32/inoutputs.d" -MT"stm32/inoutputs.o" --specs=nano.specs -mfpu=fpv4-sp-d16 -mfloat-abi=hard -mthumb -o "stm32/inoutputs.o"
arm-none-eabi-gcc -c "C:/Users/wolfg/git/grbl32/stm32/lcd-i2c.c" -mcpu=cortex-m4 -std=gnu11 -g3 -DUSE_FULL_LL_DRIVER '-D__weak=__attribute__((weak))' '-D__packed=__attribute__((__packed__))' -DUSE_HAL_DRIVER -DSTM32F407xx -DSTM32 -DSTM32F4 -DSTM32F46 -DSTM32F4_6 -c -I../Inc -I../Drivers/STM32F4xx_HAL_Driver/Inc -I../Drivers/STM32F4xx_HAL_Driver/Inc/Legacy -I../Drivers/CMSIS/Device/ST/STM32F4xx/Include -I../Drivers/CMSIS/Include -I"C:/Users/wolfg/git/grbl32/grbl" -I"C:/Users/wolfg/git/grbl32/stm32" -Os -ffunction-sections -fdata-sections -Wall -fstack-usage -MMD -MP -MF"stm32/lcd-i2c.d" -MT"stm32/lcd-i2c.o" --specs=nano.specs -mfpu=fpv4-sp-d16 -mfloat-abi=hard -mthumb -o "stm32/lcd-i2c.o"
arm-none-eabi-gcc -c "C:/Users/wolfg/git/grbl32/stm32/stm32utilities.c" -mcpu=cortex-m4 -std=gnu11 -g3 -DUSE_FULL_LL_DRIVER '-D__weak=__attribute__((weak))' '-D__packed=__attribute__((__packed__))' -DUSE_HAL_DRIVER -DSTM32F407xx -DSTM32 -DSTM32F4 -DSTM32F46 -DSTM32F4_6 -c -I../Inc -I../Drivers/STM32F4xx_HAL_Driver/Inc -I../Drivers/STM32F4xx_HAL_Driver/Inc/Legacy -I../Drivers/CMSIS/Device/ST/STM32F4xx/Include -I../Drivers/CMSIS/Include -I"C:/Users/wolfg/git/grbl32/grbl" -I"C:/Users/wolfg/git/grbl32/stm32" -Os -ffunction-sections -fdata-sections -Wall -fstack-usage -MMD -MP -MF"stm32/stm32utilities.d" -MT"stm32/stm32utilities.o" --specs=nano.specs -mfpu=fpv4-sp-d16 -mfloat-abi=hard -mthumb -o "stm32/stm32utilities.o"
arm-none-eabi-gcc -c -mcpu=cortex-m4 -g3 -c -Wa,-W -x assembler-with-cpp -MMD -MP -MF"startup/startup_stm32f407xx.d" -MT"startup/startup_stm32f407xx.o" --specs=nano.specs -mfpu=fpv4-sp-d16 -mfloat-abi=hard -mthumb -o "startup/startup_stm32f407xx.o" "../startup/startup_stm32f407xx.s"
arm-none-eabi-gcc -c "C:/Users/wolfg/git/grbl32/grbl/coolant_control.c" -mcpu=cortex-m4 -std=gnu11 -g3 -DUSE_FULL_LL_DRIVER '-D__weak=__attribute__((weak))' '-D__packed=__attribute__((__packed__))' -DUSE_HAL_DRIVER -DSTM32F407xx -DSTM32 -DSTM32F4 -DSTM32F46 -DSTM32F4_6 -c -I../Inc -I../Drivers/STM32F4xx_HAL_Driver/Inc -I../Drivers/STM32F4xx_HAL_Driver/Inc/Legacy -I../Drivers/CMSIS/Device/ST/STM32F4xx/Include -I../Drivers/CMSIS/Include -I"C:/Users/wolfg/git/grbl32/grbl" -I"C:/Users/wolfg/git/grbl32/stm32" -Os -ffunction-sections -fdata-sections -Wall -fstack-usage -MMD -MP -MF"grbl/coolant_control.d" -MT"grbl/coolant_control.o" --specs=nano.specs -mfpu=fpv4-sp-d16 -mfloat-abi=hard -mthumb -o "grbl/coolant_control.o"
arm-none-eabi-gcc -c "C:/Users/wolfg/git/grbl32/grbl/eeprom.c" -mcpu=cortex-m4 -std=gnu11 -g3 -DUSE_FULL_LL_DRIVER '-D__weak=__attribute__((weak))' '-D__packed=__attribute__((__packed__))' -DUSE_HAL_DRIVER -DSTM32F407xx -DSTM32 -DSTM32F4 -DSTM32F46 -DSTM32F4_6 -c -I../Inc -I../Drivers/STM32F4xx_HAL_Driver/Inc -I../Drivers/STM32F4xx_HAL_Driver/Inc/Legacy -I../Drivers/CMSIS/Device/ST/STM32F4xx/Include -I../Drivers/CMSIS/Include -I"C:/Users/wolfg/git/grbl32/grbl" -I"C:/Users/wolfg/git/grbl32/stm32" -Os -ffunction-sections -fdata-sections -Wall -fstack-usage -MMD -MP -MF"grbl/eeprom.d" -MT"grbl/eeprom.o" --specs=nano.specs -mfpu=fpv4-sp-d16 -mfloat-abi=hard -mthumb -o "grbl/eeprom.o"
C:/Users/wolfg/git/grbl32/grbl/eeprom.c: In function 'memcpy_to_eeprom_with_checksum':
C:/Users/wolfg/git/grbl32/grbl/eeprom.c:232:26: warning: '<<' in boolean context, did you mean '<'? [-Wint-in-bool-context]
  232 |     checksum = (checksum << 1) || (checksum >> 7);
      |                ~~~~~~~~~~^~~~~
C:/Users/wolfg/git/grbl32/grbl/eeprom.c: In function 'memcpy_from_eeprom_with_checksum':
C:/Users/wolfg/git/grbl32/grbl/eeprom.c:248:26: warning: '<<' in boolean context, did you mean '<'? [-Wint-in-bool-context]
  248 |     checksum = (checksum << 1) || (checksum >> 7);
      |                ~~~~~~~~~~^~~~~
arm-none-eabi-gcc -c "C:/Users/wolfg/git/grbl32/grbl/gcode.c" -mcpu=cortex-m4 -std=gnu11 -g3 -DUSE_FULL_LL_DRIVER '-D__weak=__attribute__((weak))' '-D__packed=__attribute__((__packed__))' -DUSE_HAL_DRIVER -DSTM32F407xx -DSTM32 -DSTM32F4 -DSTM32F46 -DSTM32F4_6 -c -I../Inc -I../Drivers/STM32F4xx_HAL_Driver/Inc -I../Drivers/STM32F4xx_HAL_Driver/Inc/Legacy -I../Drivers/CMSIS/Device/ST/STM32F4xx/Include -I../Drivers/CMSIS/Include -I"C:/Users/wolfg/git/grbl32/grbl" -I"C:/Users/wolfg/git/grbl32/stm32" -Os -ffunction-sections -fdata-sections -Wall -fstack-usage -MMD -MP -MF"grbl/gcode.d" -MT"grbl/gcode.o" --specs=nano.specs -mfpu=fpv4-sp-d16 -mfloat-abi=hard -mthumb -o "grbl/gcode.o"
arm-none-eabi-gcc -c "C:/Users/wolfg/git/grbl32/grbl/jog.c" -mcpu=cortex-m4 -std=gnu11 -g3 -DUSE_FULL_LL_DRIVER '-D__weak=__attribute__((weak))' '-D__packed=__attribute__((__packed__))' -DUSE_HAL_DRIVER -DSTM32F407xx -DSTM32 -DSTM32F4 -DSTM32F46 -DSTM32F4_6 -c -I../Inc -I../Drivers/STM32F4xx_HAL_Driver/Inc -I../Drivers/STM32F4xx_HAL_Driver/Inc/Legacy -I../Drivers/CMSIS/Device/ST/STM32F4xx/Include -I../Drivers/CMSIS/Include -I"C:/Users/wolfg/git/grbl32/grbl" -I"C:/Users/wolfg/git/grbl32/stm32" -Os -ffunction-sections -fdata-sections -Wall -fstack-usage -MMD -MP -MF"grbl/jog.d" -MT"grbl/jog.o" --specs=nano.specs -mfpu=fpv4-sp-d16 -mfloat-abi=hard -mthumb -o "grbl/jog.o"
arm-none-eabi-gcc -c "C:/Users/wolfg/git/grbl32/grbl/limits.c" -mcpu=cortex-m4 -std=gnu11 -g3 -DUSE_FULL_LL_DRIVER '-D__weak=__attribute__((weak))' '-D__packed=__attribute__((__packed__))' -DUSE_HAL_DRIVER -DSTM32F407xx -DSTM32 -DSTM32F4 -DSTM32F46 -DSTM32F4_6 -c -I../Inc -I../Drivers/STM32F4xx_HAL_Driver/Inc -I../Drivers/STM32F4xx_HAL_Driver/Inc/Legacy -I../Drivers/CMSIS/Device/ST/STM32F4xx/Include -I../Drivers/CMSIS/Include -I"C:/Users/wolfg/git/grbl32/grbl" -I"C:/Users/wolfg/git/grbl32/stm32" -Os -ffunction-sections -fdata-sections -Wall -fstack-usage -MMD -MP -MF"grbl/limits.d" -MT"grbl/limits.o" --specs=nano.specs -mfpu=fpv4-sp-d16 -mfloat-abi=hard -mthumb -o "grbl/limits.o"
arm-none-eabi-gcc -c "C:/Users/wolfg/git/grbl32/grbl/motion_control.c" -mcpu=cortex-m4 -std=gnu11 -g3 -DUSE_FULL_LL_DRIVER '-D__weak=__attribute__((weak))' '-D__packed=__attribute__((__packed__))' -DUSE_HAL_DRIVER -DSTM32F407xx -DSTM32 -DSTM32F4 -DSTM32F46 -DSTM32F4_6 -c -I../Inc -I../Drivers/STM32F4xx_HAL_Driver/Inc -I../Drivers/STM32F4xx_HAL_Driver/Inc/Legacy -I../Drivers/CMSIS/Device/ST/STM32F4xx/Include -I../Drivers/CMSIS/Include -I"C:/Users/wolfg/git/grbl32/grbl" -I"C:/Users/wolfg/git/grbl32/stm32" -Os -ffunction-sections -fdata-sections -Wall -fstack-usage -MMD -MP -MF"grbl/motion_control.d" -MT"grbl/motion_control.o" --specs=nano.specs -mfpu=fpv4-sp-d16 -mfloat-abi=hard -mthumb -o "grbl/motion_control.o"
arm-none-eabi-gcc -c "C:/Users/wolfg/git/grbl32/grbl/nuts_bolts.c" -mcpu=cortex-m4 -std=gnu11 -g3 -DUSE_FULL_LL_DRIVER '-D__weak=__attribute__((weak))' '-D__packed=__attribute__((__packed__))' -DUSE_HAL_DRIVER -DSTM32F407xx -DSTM32 -DSTM32F4 -DSTM32F46 -DSTM32F4_6 -c -I../Inc -I../Drivers/STM32F4xx_HAL_Driver/Inc -I../Drivers/STM32F4xx_HAL_Driver/Inc/Legacy -I../Drivers/CMSIS/Device/ST/STM32F4xx/Include -I../Drivers/CMSIS/Include -I"C:/Users/wolfg/git/grbl32/grbl" -I"C:/Users/wolfg/git/grbl32/stm32" -Os -ffunction-sections -fdata-sections -Wall -fstack-usage -MMD -MP -MF"grbl/nuts_bolts.d" -MT"grbl/nuts_bolts.o" --specs=nano.specs -mfpu=fpv4-sp-d16 -mfloat-abi=hard -mthumb -o "grbl/nuts_bolts.o"
arm-none-eabi-gcc -c "C:/Users/wolfg/git/grbl32/grbl/planner.c" -mcpu=cortex-m4 -std=gnu11 -g3 -DUSE_FULL_LL_DRIVER '-D__weak=__attribute__((weak))' '-D__packed=__attribute__((__packed__))' -DUSE_HAL_DRIVER -DSTM32F407xx -DSTM32 -DSTM32F4 -DSTM32F46 -DSTM32F4_6 -c -I../Inc -I../Drivers/STM32F4xx_HAL_Driver/Inc -I../Drivers/STM32F4xx_HAL_Driver/Inc/Legacy -I../Drivers/CMSIS/Device/ST/STM32F4xx/Include -I../Drivers/CMSIS/Include -I"C:/Users/wolfg/git/grbl32/grbl" -I"C:/Users/wolfg/git/grbl32/stm32" -Os -ffunction-sections -fdata-sections -Wall -fstack-usage -MMD -MP -MF"grbl/planner.d" -MT"grbl/planner.o" --specs=nano.specs -mfpu=fpv4-sp-d16 -mfloat-abi=hard -mthumb -o "grbl/planner.o"
arm-none-eabi-gcc -c "C:/Users/wolfg/git/grbl32/grbl/print.c" -mcpu=cortex-m4 -std=gnu11 -g3 -DUSE_FULL_LL_DRIVER '-D__weak=__attribute__((weak))' '-D__packed=__attribute__((__packed__))' -DUSE_HAL_DRIVER -DSTM32F407xx -DSTM32 -DSTM32F4 -DSTM32F46 -DSTM32F4_6 -c -I../Inc -I../Drivers/STM32F4xx_HAL_Driver/Inc -I../Drivers/STM32F4xx_HAL_Driver/Inc/Legacy -I../Drivers/CMSIS/Device/ST/STM32F4xx/Include -I../Drivers/CMSIS/Include -I"C:/Users/wolfg/git/grbl32/grbl" -I"C:/Users/wolfg/git/grbl32/stm32" -Os -ffunction-sections -fdata-sections -Wall -fstack-usage -MMD -MP -MF"grbl/print.d" -MT"grbl/print.o" --specs=nano.specs -mfpu=fpv4-sp-d16 -mfloat-abi=hard -mthumb -o "grbl/print.o"
arm-none-eabi-gcc -c "C:/Users/wolfg/git/grbl32/grbl/probe.c" -mcpu=cortex-m4 -std=gnu11 -g3 -DUSE_FULL_LL_DRIVER '-D__weak=__attribute__((weak))' '-D__packed=__attribute__((__packed__))' -DUSE_HAL_DRIVER -DSTM32F407xx -DSTM32 -DSTM32F4 -DSTM32F46 -DSTM32F4_6 -c -I../Inc -I../Drivers/STM32F4xx_HAL_Driver/Inc -I../Drivers/STM32F4xx_HAL_Driver/Inc/Legacy -I../Drivers/CMSIS/Device/ST/STM32F4xx/Include -I../Drivers/CMSIS/Include -I"C:/Users/wolfg/git/grbl32/grbl" -I"C:/Users/wolfg/git/grbl32/stm32" -Os -ffunction-sections -fdata-sections -Wall -fstack-usage -MMD -MP -MF"grbl/probe.d" -MT"grbl/probe.o" --specs=nano.specs -mfpu=fpv4-sp-d16 -mfloat-abi=hard -mthumb -o "grbl/probe.o"
arm-none-eabi-gcc -c "C:/Users/wolfg/git/grbl32/grbl/protocol.c" -mcpu=cortex-m4 -std=gnu11 -g3 -DUSE_FULL_LL_DRIVER '-D__weak=__attribute__((weak))' '-D__packed=__attribute__((__packed__))' -DUSE_HAL_DRIVER -DSTM32F407xx -DSTM32 -DSTM32F4 -DSTM32F46 -DSTM32F4_6 -c -I../Inc -I../Drivers/STM32F4xx_HAL_Driver/Inc -I../Drivers/STM32F4xx_HAL_Driver/Inc/Legacy -I../Drivers/CMSIS/Device/ST/STM32F4xx/Include -I../Drivers/CMSIS/Include -I"C:/Users/wolfg/git/grbl32/grbl" -I"C:/Users/wolfg/git/grbl32/stm32" -Os -ffunction-sections -fdata-sections -Wall -fstack-usage -MMD -MP -MF"grbl/protocol.d" -MT"grbl/protocol.o" --specs=nano.specs -mfpu=fpv4-sp-d16 -mfloat-abi=hard -mthumb -o "grbl/protocol.o"
arm-none-eabi-gcc -c "C:/Users/wolfg/git/grbl32/grbl/report.c" -mcpu=cortex-m4 -std=gnu11 -g3 -DUSE_FULL_LL_DRIVER '-D__weak=__attribute__((weak))' '-D__packed=__attribute__((__packed__))' -DUSE_HAL_DRIVER -DSTM32F407xx -DSTM32 -DSTM32F4 -DSTM32F46 -DSTM32F4_6 -c -I../Inc -I../Drivers/STM32F4xx_HAL_Driver/Inc -I../Drivers/STM32F4xx_HAL_Driver/Inc/Legacy -I../Drivers/CMSIS/Device/ST/STM32F4xx/Include -I../Drivers/CMSIS/Include -I"C:/Users/wolfg/git/grbl32/grbl" -I"C:/Users/wolfg/git/grbl32/stm32" -Os -ffunction-sections -fdata-sections -Wall -fstack-usage -MMD -MP -MF"grbl/report.d" -MT"grbl/report.o" --specs=nano.specs -mfpu=fpv4-sp-d16 -mfloat-abi=hard -mthumb -o "grbl/report.o"
arm-none-eabi-gcc -c "C:/Users/wolfg/git/grbl32/grbl/serial.c" -mcpu=cortex-m4 -std=gnu11 -g3 -DUSE_FULL_LL_DRIVER '-D__weak=__attribute__((weak))' '-D__packed=__attribute__((__packed__))' -DUSE_HAL_DRIVER -DSTM32F407xx -DSTM32 -DSTM32F4 -DSTM32F46 -DSTM32F4_6 -c -I../Inc -I../Drivers/STM32F4xx_HAL_Driver/Inc -I../Drivers/STM32F4xx_HAL_Driver/Inc/Legacy -I../Drivers/CMSIS/Device/ST/STM32F4xx/Include -I../Drivers/CMSIS/Include -I"C:/Users/wolfg/git/grbl32/grbl" -I"C:/Users/wolfg/git/grbl32/stm32" -Os -ffunction-sections -fdata-sections -Wall -fstack-usage -MMD -MP -MF"grbl/serial.d" -MT"grbl/serial.o" --specs=nano.specs -mfpu=fpv4-sp-d16 -mfloat-abi=hard -mthumb -o "grbl/serial.o"
arm-none-eabi-gcc -c "C:/Users/wolfg/git/grbl32/grbl/settings.c" -mcpu=cortex-m4 -std=gnu11 -g3 -DUSE_FULL_LL_DRIVER '-D__weak=__attribute__((weak))' '-D__packed=__attribute__((__packed__))' -DUSE_HAL_DRIVER -DSTM32F407xx -DSTM32 -DSTM32F4 -DSTM32F46 -DSTM32F4_6 -c -I../Inc -I../Drivers/STM32F4xx_HAL_Driver/Inc -I../Drivers/STM32F4xx_HAL_Driver/Inc/Legacy -I../Drivers/CMSIS/Device/ST/STM32F4xx/Include -I../Drivers/CMSIS/Include -I"C:/Users/wolfg/git/grbl32/grbl" -I"C:/Users/wolfg/git/grbl32/stm32" -Os -ffunction-sections -fdata-sections -Wall -fstack-usage -MMD -MP -MF"grbl/settings.d" -MT"grbl/settings.o" --specs=nano.specs -mfpu=fpv4-sp-d16 -mfloat-abi=hard -mthumb -o "grbl/settings.o"
arm-none-eabi-gcc -c "C:/Users/wolfg/git/grbl32/grbl/spindle_control.c" -mcpu=cortex-m4 -std=gnu11 -g3 -DUSE_FULL_LL_DRIVER '-D__weak=__attribute__((weak))' '-D__packed=__attribute__((__packed__))' -DUSE_HAL_DRIVER -DSTM32F407xx -DSTM32 -DSTM32F4 -DSTM32F46 -DSTM32F4_6 -c -I../Inc -I../Drivers/STM32F4xx_HAL_Driver/Inc -I../Drivers/STM32F4xx_HAL_Driver/Inc/Legacy -I../Drivers/CMSIS/Device/ST/STM32F4xx/Include -I../Drivers/CMSIS/Include -I"C:/Users/wolfg/git/grbl32/grbl" -I"C:/Users/wolfg/git/grbl32/stm32" -Os -ffunction-sections -fdata-sections -Wall -fstack-usage -MMD -MP -MF"grbl/spindle_control.d" -MT"grbl/spindle_control.o" --specs=nano.specs -mfpu=fpv4-sp-d16 -mfloat-abi=hard -mthumb -o "grbl/spindle_control.o"
arm-none-eabi-gcc -c "C:/Users/wolfg/git/grbl32/grbl/stepper.c" -mcpu=cortex-m4 -std=gnu11 -g3 -DUSE_FULL_LL_DRIVER '-D__weak=__attribute__((weak))' '-D__packed=__attribute__((__packed__))' -DUSE_HAL_DRIVER -DSTM32F407xx -DSTM32 -DSTM32F4 -DSTM32F46 -DSTM32F4_6 -c -I../Inc -I../Drivers/STM32F4xx_HAL_Driver/Inc -I../Drivers/STM32F4xx_HAL_Driver/Inc/Legacy -I../Drivers/CMSIS/Device/ST/STM32F4xx/Include -I../Drivers/CMSIS/Include -I"C:/Users/wolfg/git/grbl32/grbl" -I"C:/Users/wolfg/git/grbl32/stm32" -Os -ffunction-sections -fdata-sections -Wall -fstack-usage -MMD -MP -MF"grbl/stepper.d" -MT"grbl/stepper.o" --specs=nano.specs -mfpu=fpv4-sp-d16 -mfloat-abi=hard -mthumb -o "grbl/stepper.o"
arm-none-eabi-gcc -c "C:/Users/wolfg/git/grbl32/grbl/system.c" -mcpu=cortex-m4 -std=gnu11 -g3 -DUSE_FULL_LL_DRIVER '-D__weak=__attribute__((weak))' '-D__packed=__attribute__((__packed__))' -DUSE_HAL_DRIVER -DSTM32F407xx -DSTM32 -DSTM32F4 -DSTM32F46 -DSTM32F4_6 -c -I../Inc -I../Drivers/STM32F4xx_HAL_Driver/Inc -I../Drivers/STM32F4xx_HAL_Driver/Inc/Legacy -I../Drivers/CMSIS/Device/ST/STM32F4xx/Include -I../Drivers/CMSIS/Include -I"C:/Users/wolfg/git/grbl32/grbl" -I"C:/Users/wolfg/git/grbl32/stm32" -Os -ffunction-sections -fdata-sections -Wall -fstack-usage -MMD -MP -MF"grbl/system.d" -MT"grbl/system.o" --specs=nano.specs -mfpu=fpv4-sp-d16 -mfloat-abi=hard -mthumb -o "grbl/system.o"
arm-none-eabi-gcc -c "../Src/gpio.c" -mcpu=cortex-m4 -std=gnu11 -g3 -DUSE_FULL_LL_DRIVER '-D__weak=__attribute__((weak))' '-D__packed=__attribute__((__packed__))' -DUSE_HAL_DRIVER -DSTM32F407xx -DSTM32 -DSTM32F4 -DSTM32F46 -DSTM32F4_6 -c -I../Inc -I../Drivers/STM32F4xx_HAL_Driver/Inc -I../Drivers/STM32F4xx_HAL_Driver/Inc/Legacy -I../Drivers/CMSIS/Device/ST/STM32F4xx/Include -I../Drivers/CMSIS/Include -I"C:/Users/wolfg/git/grbl32/grbl" -I"C:/Users/wolfg/git/grbl32/stm32" -Os -ffunction-sections -fdata-sections -Wall -fstack-usage -MMD -MP -MF"Src/gpio.d" -MT"Src/gpio.o" --specs=nano.specs -mfpu=fpv4-sp-d16 -mfloat-abi=hard -mthumb -o "Src/gpio.o"
arm-none-eabi-gcc -c "../Src/i2c.c" -mcpu=cortex-m4 -std=gnu11 -g3 -DUSE_FULL_LL_DRIVER '-D__weak=__attribute__((weak))' '-D__packed=__attribute__((__packed__))' -DUSE_HAL_DRIVER -DSTM32F407xx -DSTM32 -DSTM32F4 -DSTM32F46 -DSTM32F4_6 -c -I../Inc -I../Drivers/STM32F4xx_HAL_Driver/Inc -I../Drivers/STM32F4xx_HAL_Driver/Inc/Legacy -I../Drivers/CMSIS/Device/ST/STM32F4xx/Include -I../Drivers/CMSIS/Include -I"C:/Users/wolfg/git/grbl32/grbl" -I"C:/Users/wolfg/git/grbl32/stm32" -Os -ffunction-sections -fdata-sections -Wall -fstack-usage -MMD -MP -MF"Src/i2c.d" -MT"Src/i2c.o" --specs=nano.specs -mfpu=fpv4-sp-d16 -mfloat-abi=hard -mthumb -o "Src/i2c.o"
arm-none-eabi-gcc -c "../Src/main.c" -mcpu=cortex-m4 -std=gnu11 -g3 -DUSE_FULL_LL_DRIVER '-D__weak=__attribute__((weak))' '-D__packed=__attribute__((__packed__))' -DUSE_HAL_DRIVER -DSTM32F407xx -DSTM32 -DSTM32F4 -DSTM32F46 -DSTM32F4_6 -c -I../Inc -I../Drivers/STM32F4xx_HAL_Driver/Inc -I../Drivers/STM32F4xx_HAL_Driver/Inc/Legacy -I../Drivers/CMSIS/Device/ST/STM32F4xx/Include -I../Drivers/CMSIS/Include -I"C:/Users/wolfg/git/grbl32/grbl" -I"C:/Users/wolfg/git/grbl32/stm32" -Os -ffunction-sections -fdata-sections -Wall -fstack-usage -MMD -MP -MF"Src/main.d" -MT"Src/main.o" --specs=nano.specs -mfpu=fpv4-sp-d16 -mfloat-abi=hard -mthumb -o "Src/main.o"
arm-none-eabi-gcc -c "../Src/spi.c" -mcpu=cortex-m4 -std=gnu11 -g3 -DUSE_FULL_LL_DRIVER '-D__weak=__attribute__((weak))' '-D__packed=__attribute__((__packed__))' -DUSE_HAL_DRIVER -DSTM32F407xx -DSTM32 -DSTM32F4 -DSTM32F46 -DSTM32F4_6 -c -I../Inc -I../Drivers/STM32F4xx_HAL_Driver/Inc -I../Drivers/STM32F4xx_HAL_Driver/Inc/Legacy -I../Drivers/CMSIS/Device/ST/STM32F4xx/Include -I../Drivers/CMSIS/Include -I"C:/Users/wolfg/git/grbl32/grbl" -I"C:/Users/wolfg/git/grbl32/stm32" -Os -ffunction-sections -fdata-sections -Wall -fstack-usage -MMD -MP -MF"Src/spi.d" -MT"Src/spi.o" --specs=nano.specs -mfpu=fpv4-sp-d16 -mfloat-abi=hard -mthumb -o "Src/spi.o"
arm-none-eabi-gcc -c "../Src/stm32f4xx_hal_msp.c" -mcpu=cortex-m4 -std=gnu11 -g3 -DUSE_FULL_LL_DRIVER '-D__weak=__attribute__((weak))' '-D__packed=__attribute__((__packed__))' -DUSE_HAL_DRIVER -DSTM32F407xx -DSTM32 -DSTM32F4 -DSTM32F46 -DSTM32F4_6 -c -I../Inc -I../Drivers/STM32F4xx_HAL_Driver/Inc -I../Drivers/STM32F4xx_HAL_Driver/Inc/Legacy -I../Drivers/CMSIS/Device/ST/STM32F4xx/Include -I../Drivers/CMSIS/Include -I"C:/Users/wolfg/git/grbl32/grbl" -I"C:/Users/wolfg/git/grbl32/stm32" -Os -ffunction-sections -fdata-sections -Wall -fstack-usage -MMD -MP -MF"Src/stm32f4xx_hal_msp.d" -MT"Src/stm32f4xx_hal_msp.o" --specs=nano.specs -mfpu=fpv4-sp-d16 -mfloat-abi=hard -mthumb -o "Src/stm32f4xx_hal_msp.o"
arm-none-eabi-gcc -c "../Src/stm32f4xx_it.c" -mcpu=cortex-m4 -std=gnu11 -g3 -DUSE_FULL_LL_DRIVER '-D__weak=__attribute__((weak))' '-D__packed=__attribute__((__packed__))' -DUSE_HAL_DRIVER -DSTM32F407xx -DSTM32 -DSTM32F4 -DSTM32F46 -DSTM32F4_6 -c -I../Inc -I../Drivers/STM32F4xx_HAL_Driver/Inc -I../Drivers/STM32F4xx_HAL_Driver/Inc/Legacy -I../Drivers/CMSIS/Device/ST/STM32F4xx/Include -I../Drivers/CMSIS/Include -I"C:/Users/wolfg/git/grbl32/grbl" -I"C:/Users/wolfg/git/grbl32/stm32" -Os -ffunction-sections -fdata-sections -Wall -fstack-usage -MMD -MP -MF"Src/stm32f4xx_it.d" -MT"Src/stm32f4xx_it.o" --specs=nano.specs -mfpu=fpv4-sp-d16 -mfloat-abi=hard -mthumb -o "Src/stm32f4xx_it.o"
arm-none-eabi-gcc -c "../Src/syscalls.c" -mcpu=cortex-m4 -std=gnu11 -g3 -DUSE_FULL_LL_DRIVER '-D__weak=__attribute__((weak))' '-D__packed=__attribute__((__packed__))' -DUSE_HAL_DRIVER -DSTM32F407xx -DSTM32 -DSTM32F4 -DSTM32F46 -DSTM32F4_6 -c -I../Inc -I../Drivers/STM32F4xx_HAL_Driver/Inc -I../Drivers/STM32F4xx_HAL_Driver/Inc/Legacy -I../Drivers/CMSIS/Device/ST/STM32F4xx/Include -I../Drivers/CMSIS/Include -I"C:/Users/wolfg/git/grbl32/grbl" -I"C:/Users/wolfg/git/grbl32/stm32" -Os -ffunction-sections -fdata-sections -Wall -fstack-usage -MMD -MP -MF"Src/syscalls.d" -MT"Src/syscalls.o" --specs=nano.specs -mfpu=fpv4-sp-d16 -mfloat-abi=hard -mthumb -o "Src/syscalls.o"
arm-none-eabi-gcc -c "../Src/system_stm32f4xx.c" -mcpu=cortex-m4 -std=gnu11 -g3 -DUSE_FULL_LL_DRIVER '-D__weak=__attribute__((weak))' '-D__packed=__attribute__((__packed__))' -DUSE_HAL_DRIVER -DSTM32F407xx -DSTM32 -DSTM32F4 -DSTM32F46 -DSTM32F4_6 -c -I../Inc -I../Drivers/STM32F4xx_HAL_Driver/Inc -I../Drivers/STM32F4xx_HAL_Driver/Inc/Legacy -I../Drivers/CMSIS/Device/ST/STM32F4xx/Include -I../Drivers/CMSIS/Include -I"C:/Users/wolfg/git/grbl32/grbl" -I"C:/Users/wolfg/git/grbl32/stm32" -Os -ffunction-sections -fdata-sections -Wall -fstack-usage -MMD -MP -MF"Src/system_stm32f4xx.d" -MT"Src/system_stm32f4xx.o" --specs=nano.specs -mfpu=fpv4-sp-d16 -mfloat-abi=hard -mthumb -o "Src/system_stm32f4xx.o"
arm-none-eabi-gcc -c "../Src/tim.c" -mcpu=cortex-m4 -std=gnu11 -g3 -DUSE_FULL_LL_DRIVER '-D__weak=__attribute__((weak))' '-D__packed=__attribute__((__packed__))' -DUSE_HAL_DRIVER -DSTM32F407xx -DSTM32 -DSTM32F4 -DSTM32F46 -DSTM32F4_6 -c -I../Inc -I../Drivers/STM32F4xx_HAL_Driver/Inc -I../Drivers/STM32F4xx_HAL_Driver/Inc/Legacy -I../Drivers/CMSIS/Device/ST/STM32F4xx/Include -I../Drivers/CMSIS/Include -I"C:/Users/wolfg/git/grbl32/grbl" -I"C:/Users/wolfg/git/grbl32/stm32" -Os -ffunction-sections -fdata-sections -Wall -fstack-usage -MMD -MP -MF"Src/tim.d" -MT"Src/tim.o" --specs=nano.specs -mfpu=fpv4-sp-d16 -mfloat-abi=hard -mthumb -o "Src/tim.o"
arm-none-eabi-gcc -c "../Src/usart.c" -mcpu=cortex-m4 -std=gnu11 -g3 -DUSE_FULL_LL_DRIVER '-D__weak=__attribute__((weak))' '-D__packed=__attribute__((__packed__))' -DUSE_HAL_DRIVER -DSTM32F407xx -DSTM32 -DSTM32F4 -DSTM32F46 -DSTM32F4_6 -c -I../Inc -I../Drivers/STM32F4xx_HAL_Driver/Inc -I../Drivers/STM32F4xx_HAL_Driver/Inc/Legacy -I../Drivers/CMSIS/Device/ST/STM32F4xx/Include -I../Drivers/CMSIS/Include -I"C:/Users/wolfg/git/grbl32/grbl" -I"C:/Users/wolfg/git/grbl32/stm32" -Os -ffunction-sections -fdata-sections -Wall -fstack-usage -MMD -MP -MF"Src/usart.d" -MT"Src/usart.o" --specs=nano.specs -mfpu=fpv4-sp-d16 -mfloat-abi=hard -mthumb -o "Src/usart.o"
arm-none-eabi-gcc -c "../Drivers/STM32F4xx_HAL_Driver/Src/stm32f4xx_hal.c" -mcpu=cortex-m4 -std=gnu11 -g3 -DUSE_FULL_LL_DRIVER '-D__weak=__attribute__((weak))' '-D__packed=__attribute__((__packed__))' -DUSE_HAL_DRIVER -DSTM32F407xx -DSTM32 -DSTM32F4 -DSTM32F46 -DSTM32F4_6 -c -I../Inc -I../Drivers/STM32F4xx_HAL_Driver/Inc -I../Drivers/STM32F4xx_HAL_Driver/Inc/Legacy -I../Drivers/CMSIS/Device/ST/STM32F4xx/Include -I../Drivers/CMSIS/Include -I"C:/Users/wolfg/git/grbl32/grbl" -I"C:/Users/wolfg/git/grbl32/stm32" -Os -ffunction-sections -fdata-sections -Wall -fstack-usage -MMD -MP -MF"Drivers/STM32F4xx_HAL_Driver/Src/stm32f4xx_hal.d" -MT"Drivers/STM32F4xx_HAL_Driver/Src/stm32f4xx_hal.o" --specs=nano.specs -mfpu=fpv4-sp-d16 -mfloat-abi=hard -mthumb -o "Drivers/STM32F4xx_HAL_Driver/Src/stm32f4xx_hal.o"
arm-none-eabi-gcc -c "../Drivers/STM32F4xx_HAL_Driver/Src/stm32f4xx_hal_cortex.c" -mcpu=cortex-m4 -std=gnu11 -g3 -DUSE_FULL_LL_DRIVER '-D__weak=__attribute__((weak))' '-D__packed=__attribute__((__packed__))' -DUSE_HAL_DRIVER -DSTM32F407xx -DSTM32 -DSTM32F4 -DSTM32F46 -DSTM32F4_6 -c -I../Inc -I../Drivers/STM32F4xx_HAL_Driver/Inc -I../Drivers/STM32F4xx_HAL_Driver/Inc/Legacy -I../Drivers/CMSIS/Device/ST/STM32F4xx/Include -I../Drivers/CMSIS/Include -I"C:/Users/wolfg/git/grbl32/grbl" -I"C:/Users/wolfg/git/grbl32/stm32" -Os -ffunction-sections -fdata-sections -Wall -fstack-usage -MMD -MP -MF"Drivers/STM32F4xx_HAL_Driver/Src/stm32f4xx_hal_cortex.d" -MT"Drivers/STM32F4xx_HAL_Driver/Src/stm32f4xx_hal_cortex.o" --specs=nano.specs -mfpu=fpv4-sp-d16 -mfloat-abi=hard -mthumb -o "Drivers/STM32F4xx_HAL_Driver/Src/stm32f4xx_hal_cortex.o"
arm-none-eabi-gcc -c "../Drivers/STM32F4xx_HAL_Driver/Src/stm32f4xx_hal_dma.c" -mcpu=cortex-m4 -std=gnu11 -g3 -DUSE_FULL_LL_DRIVER '-D__weak=__attribute__((weak))' '-D__packed=__attribute__((__packed__))' -DUSE_HAL_DRIVER -DSTM32F407xx -DSTM32 -DSTM32F4 -DSTM32F46 -DSTM32F4_6 -c -I../Inc -I../Drivers/STM32F4xx_HAL_Driver/Inc -I../Drivers/STM32F4xx_HAL_Driver/Inc/Legacy -I../Drivers/CMSIS/Device/ST/STM32F4xx/Include -I../Drivers/CMSIS/Include -I"C:/Users/wolfg/git/grbl32/grbl" -I"C:/Users/wolfg/git/grbl32/stm32" -Os -ffunction-sections -fdata-sections -Wall -fstack-usage -MMD -MP -MF"Drivers/STM32F4xx_HAL_Driver/Src/stm32f4xx_hal_dma.d" -MT"Drivers/STM32F4xx_HAL_Driver/Src/stm32f4xx_hal_dma.o" --specs=nano.specs -mfpu=fpv4-sp-d16 -mfloat-abi=hard -mthumb -o "Drivers/STM32F4xx_HAL_Driver/Src/stm32f4xx_hal_dma.o"
arm-none-eabi-gcc -c "../Drivers/STM32F4xx_HAL_Driver/Src/stm32f4xx_hal_dma_ex.c" -mcpu=cortex-m4 -std=gnu11 -g3 -DUSE_FULL_LL_DRIVER '-D__weak=__attribute__((weak))' '-D__packed=__attribute__((__packed__))' -DUSE_HAL_DRIVER -DSTM32F407xx -DSTM32 -DSTM32F4 -DSTM32F46 -DSTM32F4_6 -c -I../Inc -I../Drivers/STM32F4xx_HAL_Driver/Inc -I../Drivers/STM32F4xx_HAL_Driver/Inc/Legacy -I../Drivers/CMSIS/Device/ST/STM32F4xx/Include -I../Drivers/CMSIS/Include -I"C:/Users/wolfg/git/grbl32/grbl" -I"C:/Users/wolfg/git/grbl32/stm32" -Os -ffunction-sections -fdata-sections -Wall -fstack-usage -MMD -MP -MF"Drivers/STM32F4xx_HAL_Driver/Src/stm32f4xx_hal_dma_ex.d" -MT"Drivers/STM32F4xx_HAL_Driver/Src/stm32f4xx_hal_dma_ex.o" --specs=nano.specs -mfpu=fpv4-sp-d16 -mfloat-abi=hard -mthumb -o "Drivers/STM32F4xx_HAL_Driver/Src/stm32f4xx_hal_dma_ex.o"
arm-none-eabi-gcc -c "../Drivers/STM32F4xx_HAL_Driver/Src/stm32f4xx_hal_exti.c" -mcpu=cortex-m4 -std=gnu11 -g3 -DUSE_FULL_LL_DRIVER '-D__weak=__attribute__((weak))' '-D__packed=__attribute__((__packed__))' -DUSE_HAL_DRIVER -DSTM32F407xx -DSTM32 -DSTM32F4 -DSTM32F46 -DSTM32F4_6 -c -I../Inc -I../Drivers/STM32F4xx_HAL_Driver/Inc -I../Drivers/STM32F4xx_HAL_Driver/Inc/Legacy -I../Drivers/CMSIS/Device/ST/STM32F4xx/Include -I../Drivers/CMSIS/Include -I"C:/Users/wolfg/git/grbl32/grbl" -I"C:/Users/wolfg/git/grbl32/stm32" -Os -ffunction-sections -fdata-sections -Wall -fstack-usage -MMD -MP -MF"Drivers/STM32F4xx_HAL_Driver/Src/stm32f4xx_hal_exti.d" -MT"Drivers/STM32F4xx_HAL_Driver/Src/stm32f4xx_hal_exti.o" --specs=nano.specs -mfpu=fpv4-sp-d16 -mfloat-abi=hard -mthumb -o "Drivers/STM32F4xx_HAL_Driver/Src/stm32f4xx_hal_exti.o"
arm-none-eabi-gcc -c "../Drivers/STM32F4xx_HAL_Driver/Src/stm32f4xx_hal_flash.c" -mcpu=cortex-m4 -std=gnu11 -g3 -DUSE_FULL_LL_DRIVER '-D__weak=__attribute__((weak))' '-D__packed=__attribute__((__packed__))' -DUSE_HAL_DRIVER -DSTM32F407xx -DSTM32 -DSTM32F4 -DSTM32F46 -DSTM32F4_6 -c -I../Inc -I../Drivers/STM32F4xx_HAL_Driver/Inc -I../Drivers/STM32F4xx_HAL_Driver/Inc/Legacy -I../Drivers/CMSIS/Device/ST/STM32F4xx/Include -I../Drivers/CMSIS/Include -I"C:/Users/wolfg/git/grbl32/grbl" -I"C:/Users/wolfg/git/grbl32/stm32" -Os -ffunction-sections -fdata-sections -Wall -fstack-usage -MMD -MP -MF"Drivers/STM32F4xx_HAL_Driver/Src/stm32f4xx_hal_flash.d" -MT"Drivers/STM32F4xx_HAL_Driver/Src/stm32f4xx_hal_flash.o" --specs=nano.specs -mfpu=fpv4-sp-d16 -mfloat-abi=hard -mthumb -o "Drivers/STM32F4xx_HAL_Driver/Src/stm32f4xx_hal_flash.o"
arm-none-eabi-gcc -c "../Drivers/STM32F4xx_HAL_Driver/Src/stm32f4xx_hal_flash_ex.c" -mcpu=cortex-m4 -std=gnu11 -g3 -DUSE_FULL_LL_DRIVER '-D__weak=__attribute__((weak))' '-D__packed=__attribute__((__packed__))' -DUSE_HAL_DRIVER -DSTM32F407xx -DSTM32 -DSTM32F4 -DSTM32F46 -DSTM32F4_6 -c -I../Inc -I../Drivers/STM32F4xx_HAL_Driver/Inc -I../Drivers/STM32F4xx_HAL_Driver/Inc/Legacy -I../Drivers/CMSIS/Device/ST/STM32F4xx/Include -I../Drivers/CMSIS/Include -I"C:/Users/wolfg/git/grbl32/grbl" -I"C:/Users/wolfg/git/grbl32/stm32" -Os -ffunction-sections -fdata-sections -Wall -fstack-usage -MMD -MP -MF"Drivers/STM32F4xx_HAL_Driver/Src/stm32f4xx_hal_flash_ex.d" -MT"Drivers/STM32F4xx_HAL_Driver/Src/stm32f4xx_hal_flash_ex.o" --specs=nano.specs -mfpu=fpv4-sp-d16 -mfloat-abi=hard -mthumb -o "Drivers/STM32F4xx_HAL_Driver/Src/stm32f4xx_hal_flash_ex.o"
arm-none-eabi-gcc -c "../Drivers/STM32F4xx_HAL_Driver/Src/stm32f4xx_hal_flash_ramfunc.c" -mcpu=cortex-m4 -std=gnu11 -g3 -DUSE_FULL_LL_DRIVER '-D__weak=__attribute__((weak))' '-D__packed=__attribute__((__packed__))' -DUSE_HAL_DRIVER -DSTM32F407xx -DSTM32 -DSTM32F4 -DSTM32F46 -DSTM32F4_6 -c -I../Inc -I../Drivers/STM32F4xx_HAL_Driver/Inc -I../Drivers/STM32F4xx_HAL_Driver/Inc/Legacy -I../Drivers/CMSIS/Device/ST/STM32F4xx/Include -I../Drivers/CMSIS/Include -I"C:/Users/wolfg/git/grbl32/grbl" -I"C:/Users/wolfg/git/grbl32/stm32" -Os -ffunction-sections -fdata-sections -Wall -fstack-usage -MMD -MP -MF"Drivers/STM32F4xx_HAL_Driver/Src/stm32f4xx_hal_flash_ramfunc.d" -MT"Drivers/STM32F4xx_HAL_Driver/Src/stm32f4xx_hal_flash_ramfunc.o" --specs=nano.specs -mfpu=fpv4-sp-d16 -mfloat-abi=hard -mthumb -o "Drivers/STM32F4xx_HAL_Driver/Src/stm32f4xx_hal_flash_ramfunc.o"
arm-none-eabi-gcc -c "../Drivers/STM32F4xx_HAL_Driver/Src/stm32f4xx_hal_gpio.c" -mcpu=cortex-m4 -std=gnu11 -g3 -DUSE_FULL_LL_DRIVER '-D__weak=__attribute__((weak))' '-D__packed=__attribute__((__packed__))' -DUSE_HAL_DRIVER -DSTM32F407xx -DSTM32 -DSTM32F4 -DSTM32F46 -DSTM32F4_6 -c -I../Inc -I../Drivers/STM32F4xx_HAL_Driver/Inc -I../Drivers/STM32F4xx_HAL_Driver/Inc/Legacy -I../Drivers/CMSIS/Device/ST/STM32F4xx/Include -I../Drivers/CMSIS/Include -I"C:/Users/wolfg/git/grbl32/grbl" -I"C:/Users/wolfg/git/grbl32/stm32" -Os -ffunction-sections -fdata-sections -Wall -fstack-usage -MMD -MP -MF"Drivers/STM32F4xx_HAL_Driver/Src/stm32f4xx_hal_gpio.d" -MT"Drivers/STM32F4xx_HAL_Driver/Src/stm32f4xx_hal_gpio.o" --specs=nano.specs -mfpu=fpv4-sp-d16 -mfloat-abi=hard -mthumb -o "Drivers/STM32F4xx_HAL_Driver/Src/stm32f4xx_hal_gpio.o"
arm-none-eabi-gcc -c "../Drivers/STM32F4xx_HAL_Driver/Src/stm32f4xx_hal_i2c.c" -mcpu=cortex-m4 -std=gnu11 -g3 -DUSE_FULL_LL_DRIVER '-D__weak=__attribute__((weak))' '-D__packed=__attribute__((__packed__))' -DUSE_HAL_DRIVER -DSTM32F407xx -DSTM32 -DSTM32F4 -DSTM32F46 -DSTM32F4_6 -c -I../Inc -I../Drivers/STM32F4xx_HAL_Driver/Inc -I../Drivers/STM32F4xx_HAL_Driver/Inc/Legacy -I../Drivers/CMSIS/Device/ST/STM32F4xx/Include -I../Drivers/CMSIS/Include -I"C:/Users/wolfg/git/grbl32/grbl" -I"C:/Users/wolfg/git/grbl32/stm32" -Os -ffunction-sections -fdata-sections -Wall -fstack-usage -MMD -MP -MF"Drivers/STM32F4xx_HAL_Driver/Src/stm32f4xx_hal_i2c.d" -MT"Drivers/STM32F4xx_HAL_Driver/Src/stm32f4xx_hal_i2c.o" --specs=nano.specs -mfpu=fpv4-sp-d16 -mfloat-abi=hard -mthumb -o "Drivers/STM32F4xx_HAL_Driver/Src/stm32f4xx_hal_i2c.o"
[...]
arm-none-eabi-gcc -c "C:/Users/wolfg/git/grbl32/stm32/lcd-i2c.c" -mcpu=cortex-m4 -std=gnu11 -g3 -DUSE_FULL_LL_DRIVER '-D__weak=__attribute__((weak))' '-D__packed=__attribute__((__packed__))' -DUSE_HAL_DRIVER -DSTM32F407xx -DSTM32 -DSTM32F4 -DSTM32F46 -DSTM32F4_6 -c -I../Inc -I../Drivers/STM32F4xx_HAL_Driver/Inc -I../Drivers/STM32F4xx_HAL_Driver/Inc/Legacy -I../Drivers/CMSIS/Device/ST/STM32F4xx/Include -I../Drivers/CMSIS/Include -I"C:/Users/wolfg/git/grbl32/grbl" -I"C:/Users/wolfg/git/grbl32/stm32" -Os -ffunction-sections -fdata-sections -Wall -fstack-usage -MMD -MP -MF"stm32/lcd-i2c.d" -MT"stm32/lcd-i2c.o" --specs=nano.specs -mfpu=fpv4-sp-d16 -mfloat-abi=hard -mthumb -o "stm32/lcd-i2c.o"
arm-none-eabi-gcc -c "C:/Users/wolfg/git/grbl32/stm32/stm32utilities.c" -mcpu=cortex-m4 -std=gnu11 -g3 -DUSE_FULL_LL_DRIVER '-D__weak=__attribute__((weak))' '-D__packed=__attribute__((__packed__))' -DUSE_HAL_DRIVER -DSTM32F407xx -DSTM32 -DSTM32F4 -DSTM32F46 -DSTM32F4_6 -c -I../Inc -I../Drivers/STM32F4xx_HAL_Driver/Inc -I../Drivers/STM32F4xx_HAL_Driver/Inc/Legacy -I../Drivers/CMSIS/Device/ST/STM32F4xx/Include -I../Drivers/CMSIS/Include -I"C:/Users/wolfg/git/grbl32/grbl" -I"C:/Users/wolfg/git/grbl32/stm32" -Os -ffunction-sections -fdata-sections -Wall -fstack-usage -MMD -MP -MF"stm32/stm32utilities.d" -MT"stm32/stm32utilities.o" --specs=nano.specs -mfpu=fpv4-sp-d16 -mfloat-abi=hard -mthumb -o "stm32/stm32utilities.o"
arm-none-eabi-gcc -c "C:/Users/wolfg/git/grbl32/grbl/coolant_control.c" -mcpu=cortex-m4 -std=gnu11 -g3 -DUSE_FULL_LL_DRIVER '-D__weak=__attribute__((weak))' '-D__packed=__attribute__((__packed__))' -DUSE_HAL_DRIVER -DSTM32F407xx -DSTM32 -DSTM32F4 -DSTM32F46 -DSTM32F4_6 -c -I../Inc -I../Drivers/STM32F4xx_HAL_Driver/Inc -I../Drivers/STM32F4xx_HAL_Driver/Inc/Legacy -I../Drivers/CMSIS/Device/ST/STM32F4xx/Include -I../Drivers/CMSIS/Include -I"C:/Users/wolfg/git/grbl32/grbl" -I"C:/Users/wolfg/git/grbl32/stm32" -Os -ffunction-sections -fdata-sections -Wall -fstack-usage -MMD -MP -MF"grbl/coolant_control.d" -MT"grbl/coolant_control.o" --specs=nano.specs -mfpu=fpv4-sp-d16 -mfloat-abi=hard -mthumb -o "grbl/coolant_control.o"
arm-none-eabi-gcc -c "C:/Users/wolfg/git/grbl32/grbl/eeprom.c" -mcpu=cortex-m4 -std=gnu11 -g3 -DUSE_FULL_LL_DRIVER '-D__weak=__attribute__((weak))' '-D__packed=__attribute__((__packed__))' -DUSE_HAL_DRIVER -DSTM32F407xx -DSTM32 -DSTM32F4 -DSTM32F46 -DSTM32F4_6 -c -I../Inc -I../Drivers/STM32F4xx_HAL_Driver/Inc -I../Drivers/STM32F4xx_HAL_Driver/Inc/Legacy -I../Drivers/CMSIS/Device/ST/STM32F4xx/Include -I../Drivers/CMSIS/Include -I"C:/Users/wolfg/git/grbl32/grbl" -I"C:/Users/wolfg/git/grbl32/stm32" -Os -ffunction-sections -fdata-sections -Wall -fstack-usage -MMD -MP -MF"grbl/eeprom.d" -MT"grbl/eeprom.o" --specs=nano.specs -mfpu=fpv4-sp-d16 -mfloat-abi=hard -mthumb -o "grbl/eeprom.o"
C:/Users/wolfg/git/grbl32/grbl/eeprom.c: In function 'memcpy_to_eeprom_with_checksum':
C:/Users/wolfg/git/grbl32/grbl/eeprom.c:232:26: warning: '<<' in boolean context, did you mean '<'? [-Wint-in-bool-context]
  232 |     checksum = (checksum << 1) || (checksum >> 7);
      |                ~~~~~~~~~~^~~~~
C:/Users/wolfg/git/grbl32/grbl/eeprom.c: In function 'memcpy_from_eeprom_with_checksum':
C:/Users/wolfg/git/grbl32/grbl/eeprom.c:248:26: warning: '<<' in boolean context, did you mean '<'? [-Wint-in-bool-context]
  248 |     checksum = (checksum << 1) || (checksum >> 7);
      |                ~~~~~~~~~~^~~~~
arm-none-eabi-gcc -c "C:/Users/wolfg/git/grbl32/grbl/gcode.c" -mcpu=cortex-m4 -std=gnu11 -g3 -DUSE_FULL_LL_DRIVER '-D__weak=__attribute__((weak))' '-D__packed=__attribute__((__packed__))' -DUSE_HAL_DRIVER -DSTM32F407xx -DSTM32 -DSTM32F4 -DSTM32F46 -DSTM32F4_6 -c -I../Inc -I../Drivers/STM32F4xx_HAL_Driver/Inc -I../Drivers/STM32F4xx_HAL_Driver/Inc/Legacy -I../Drivers/CMSIS/Device/ST/STM32F4xx/Include -I../Drivers/CMSIS/Include -I"C:/Users/wolfg/git/grbl32/grbl" -I"C:/Users/wolfg/git/grbl32/stm32" -Os -ffunction-sections -fdata-sections -Wall -fstack-usage -MMD -MP -MF"grbl/gcode.d" -MT"grbl/gcode.o" --specs=nano.specs -mfpu=fpv4-sp-d16 -mfloat-abi=hard -mthumb -o "grbl/gcode.o"
arm-none-eabi-gcc -c "C:/Users/wolfg/git/grbl32/grbl/jog.c" -mcpu=cortex-m4 -std=gnu11 -g3 -DUSE_FULL_LL_DRIVER '-D__weak=__attribute__((weak))' '-D__packed=__attribute__((__packed__))' -DUSE_HAL_DRIVER -DSTM32F407xx -DSTM32 -DSTM32F4 -DSTM32F46 -DSTM32F4_6 -c -I../Inc -I../Drivers/STM32F4xx_HAL_Driver/Inc -I../Drivers/STM32F4xx_HAL_Driver/Inc/Legacy -I../Drivers/CMSIS/Device/ST/STM32F4xx/Include -I../Drivers/CMSIS/Include -I"C:/Users/wolfg/git/grbl32/grbl" -I"C:/Users/wolfg/git/grbl32/stm32" -Os -ffunction-sections -fdata-sections -Wall -fstack-usage -MMD -MP -MF"grbl/jog.d" -MT"grbl/jog.o" --specs=nano.specs -mfpu=fpv4-sp-d16 -mfloat-abi=hard -mthumb -o "grbl/jog.o"
arm-none-eabi-gcc -c "C:/Users/wolfg/git/grbl32/grbl/limits.c" -mcpu=cortex-m4 -std=gnu11 -g3 -DUSE_FULL_LL_DRIVER '-D__weak=__attribute__((weak))' '-D__packed=__attribute__((__packed__))' -DUSE_HAL_DRIVER -DSTM32F407xx -DSTM32 -DSTM32F4 -DSTM32F46 -DSTM32F4_6 -c -I../Inc -I../Drivers/STM32F4xx_HAL_Driver/Inc -I../Drivers/STM32F4xx_HAL_Driver/Inc/Legacy -I../Drivers/CMSIS/Device/ST/STM32F4xx/Include -I../Drivers/CMSIS/Include -I"C:/Users/wolfg/git/grbl32/grbl" -I"C:/Users/wolfg/git/grbl32/stm32" -Os -ffunction-sections -fdata-sections -Wall -fstack-usage -MMD -MP -MF"grbl/limits.d" -MT"grbl/limits.o" --specs=nano.specs -mfpu=fpv4-sp-d16 -mfloat-abi=hard -mthumb -o "grbl/limits.o"
arm-none-eabi-gcc -c "C:/Users/wolfg/git/grbl32/grbl/motion_control.c" -mcpu=cortex-m4 -std=gnu11 -g3 -DUSE_FULL_LL_DRIVER '-D__weak=__attribute__((weak))' '-D__packed=__attribute__((__packed__))' -DUSE_HAL_DRIVER -DSTM32F407xx -DSTM32 -DSTM32F4 -DSTM32F46 -DSTM32F4_6 -c -I../Inc -I../Drivers/STM32F4xx_HAL_Driver/Inc -I../Drivers/STM32F4xx_HAL_Driver/Inc/Legacy -I../Drivers/CMSIS/Device/ST/STM32F4xx/Include -I../Drivers/CMSIS/Include -I"C:/Users/wolfg/git/grbl32/grbl" -I"C:/Users/wolfg/git/grbl32/stm32" -Os -ffunction-sections -fdata-sections -Wall -fstack-usage -MMD -MP -MF"grbl/motion_control.d" -MT"grbl/motion_control.o" --specs=nano.specs -mfpu=fpv4-sp-d16 -mfloat-abi=hard -mthumb -o "grbl/motion_control.o"
arm-none-eabi-gcc -c "C:/Users/wolfg/git/grbl32/grbl/nuts_bolts.c" -mcpu=cortex-m4 -std=gnu11 -g3 -DUSE_FULL_LL_DRIVER '-D__weak=__attribute__((weak))' '-D__packed=__attribute__((__packed__))' -DUSE_HAL_DRIVER -DSTM32F407xx -DSTM32 -DSTM32F4 -DSTM32F46 -DSTM32F4_6 -c -I../Inc -I../Drivers/STM32F4xx_HAL_Driver/Inc -I../Drivers/STM32F4xx_HAL_Driver/Inc/Legacy -I../Drivers/CMSIS/Device/ST/STM32F4xx/Include -I../Drivers/CMSIS/Include -I"C:/Users/wolfg/git/grbl32/grbl" -I"C:/Users/wolfg/git/grbl32/stm32" -Os -ffunction-sections -fdata-sections -Wall -fstack-usage -MMD -MP -MF"grbl/nuts_bolts.d" -MT"grbl/nuts_bolts.o" --specs=nano.specs -mfpu=fpv4-sp-d16 -mfloat-abi=hard -mthumb -o "grbl/nuts_bolts.o"
arm-none-eabi-gcc -c "C:/Users/wolfg/git/grbl32/grbl/planner.c" -mcpu=cortex-m4 -std=gnu11 -g3 -DUSE_FULL_LL_DRIVER '-D__weak=__attribute__((weak))' '-D__packed=__attribute__((__packed__))' -DUSE_HAL_DRIVER -DSTM32F407xx -DSTM32 -DSTM32F4 -DSTM32F46 -DSTM32F4_6 -c -I../Inc -I../Drivers/STM32F4xx_HAL_Driver/Inc -I../Drivers/STM32F4xx_HAL_Driver/Inc/Legacy -I../Drivers/CMSIS/Device/ST/STM32F4xx/Include -I../Drivers/CMSIS/Include -I"C:/Users/wolfg/git/grbl32/grbl" -I"C:/Users/wolfg/git/grbl32/stm32" -Os -ffunction-sections -fdata-sections -Wall -fstack-usage -MMD -MP -MF"grbl/planner.d" -MT"grbl/planner.o" --specs=nano.specs -mfpu=fpv4-sp-d16 -mfloat-abi=hard -mthumb -o "grbl/planner.o"
arm-none-eabi-gcc -c "C:/Users/wolfg/git/grbl32/grbl/print.c" -mcpu=cortex-m4 -std=gnu11 -g3 -DUSE_FULL_LL_DRIVER '-D__weak=__attribute__((weak))' '-D__packed=__attribute__((__packed__))' -DUSE_HAL_DRIVER -DSTM32F407xx -DSTM32 -DSTM32F4 -DSTM32F46 -DSTM32F4_6 -c -I../Inc -I../Drivers/STM32F4xx_HAL_Driver/Inc -I../Drivers/STM32F4xx_HAL_Driver/Inc/Legacy -I../Drivers/CMSIS/Device/ST/STM32F4xx/Include -I../Drivers/CMSIS/Include -I"C:/Users/wolfg/git/grbl32/grbl" -I"C:/Users/wolfg/git/grbl32/stm32" -Os -ffunction-sections -fdata-sections -Wall -fstack-usage -MMD -MP -MF"grbl/print.d" -MT"grbl/print.o" --specs=nano.specs -mfpu=fpv4-sp-d16 -mfloat-abi=hard -mthumb -o "grbl/print.o"
arm-none-eabi-gcc -c "C:/Users/wolfg/git/grbl32/grbl/probe.c" -mcpu=cortex-m4 -std=gnu11 -g3 -DUSE_FULL_LL_DRIVER '-D__weak=__attribute__((weak))' '-D__packed=__attribute__((__packed__))' -DUSE_HAL_DRIVER -DSTM32F407xx -DSTM32 -DSTM32F4 -DSTM32F46 -DSTM32F4_6 -c -I../Inc -I../Drivers/STM32F4xx_HAL_Driver/Inc -I../Drivers/STM32F4xx_HAL_Driver/Inc/Legacy -I../Drivers/CMSIS/Device/ST/STM32F4xx/Include -I../Drivers/CMSIS/Include -I"C:/Users/wolfg/git/grbl32/grbl" -I"C:/Users/wolfg/git/grbl32/stm32" -Os -ffunction-sections -fdata-sections -Wall -fstack-usage -MMD -MP -MF"grbl/probe.d" -MT"grbl/probe.o" --specs=nano.specs -mfpu=fpv4-sp-d16 -mfloat-abi=hard -mthumb -o "grbl/probe.o"
arm-none-eabi-gcc -c "C:/Users/wolfg/git/grbl32/grbl/protocol.c" -mcpu=cortex-m4 -std=gnu11 -g3 -DUSE_FULL_LL_DRIVER '-D__weak=__attribute__((weak))' '-D__packed=__attribute__((__packed__))' -DUSE_HAL_DRIVER -DSTM32F407xx -DSTM32 -DSTM32F4 -DSTM32F46 -DSTM32F4_6 -c -I../Inc -I../Drivers/STM32F4xx_HAL_Driver/Inc -I../Drivers/STM32F4xx_HAL_Driver/Inc/Legacy -I../Drivers/CMSIS/Device/ST/STM32F4xx/Include -I../Drivers/CMSIS/Include -I"C:/Users/wolfg/git/grbl32/grbl" -I"C:/Users/wolfg/git/grbl32/stm32" -Os -ffunction-sections -fdata-sections -Wall -fstack-usage -MMD -MP -MF"grbl/protocol.d" -MT"grbl/protocol.o" --specs=nano.specs -mfpu=fpv4-sp-d16 -mfloat-abi=hard -mthumb -o "grbl/protocol.o"
arm-none-eabi-gcc -c "C:/Users/wolfg/git/grbl32/grbl/report.c" -mcpu=cortex-m4 -std=gnu11 -g3 -DUSE_FULL_LL_DRIVER '-D__weak=__attribute__((weak))' '-D__packed=__attribute__((__packed__))' -DUSE_HAL_DRIVER -DSTM32F407xx -DSTM32 -DSTM32F4 -DSTM32F46 -DSTM32F4_6 -c -I../Inc -I../Drivers/STM32F4xx_HAL_Driver/Inc -I../Drivers/STM32F4xx_HAL_Driver/Inc/Legacy -I../Drivers/CMSIS/Device/ST/STM32F4xx/Include -I../Drivers/CMSIS/Include -I"C:/Users/wolfg/git/grbl32/grbl" -I"C:/Users/wolfg/git/grbl32/stm32" -Os -ffunction-sections -fdata-sections -Wall -fstack-usage -MMD -MP -MF"grbl/report.d" -MT"grbl/report.o" --specs=nano.specs -mfpu=fpv4-sp-d16 -mfloat-abi=hard -mthumb -o "grbl/report.o"
arm-none-eabi-gcc -c "C:/Users/wolfg/git/grbl32/grbl/serial.c" -mcpu=cortex-m4 -std=gnu11 -g3 -DUSE_FULL_LL_DRIVER '-D__weak=__attribute__((weak))' '-D__packed=__attribute__((__packed__))' -DUSE_HAL_DRIVER -DSTM32F407xx -DSTM32 -DSTM32F4 -DSTM32F46 -DSTM32F4_6 -c -I../Inc -I../Drivers/STM32F4xx_HAL_Driver/Inc -I../Drivers/STM32F4xx_HAL_Driver/Inc/Legacy -I../Drivers/CMSIS/Device/ST/STM32F4xx/Include -I../Drivers/CMSIS/Include -I"C:/Users/wolfg/git/grbl32/grbl" -I"C:/Users/wolfg/git/grbl32/stm32" -Os -ffunction-sections -fdata-sections -Wall -fstack-usage -MMD -MP -MF"grbl/serial.d" -MT"grbl/serial.o" --specs=nano.specs -mfpu=fpv4-sp-d16 -mfloat-abi=hard -mthumb -o "grbl/serial.o"
arm-none-eabi-gcc -c "C:/Users/wolfg/git/grbl32/grbl/settings.c" -mcpu=cortex-m4 -std=gnu11 -g3 -DUSE_FULL_LL_DRIVER '-D__weak=__attribute__((weak))' '-D__packed=__attribute__((__packed__))' -DUSE_HAL_DRIVER -DSTM32F407xx -DSTM32 -DSTM32F4 -DSTM32F46 -DSTM32F4_6 -c -I../Inc -I../Drivers/STM32F4xx_HAL_Driver/Inc -I../Drivers/STM32F4xx_HAL_Driver/Inc/Legacy -I../Drivers/CMSIS/Device/ST/STM32F4xx/Include -I../Drivers/CMSIS/Include -I"C:/Users/wolfg/git/grbl32/grbl" -I"C:/Users/wolfg/git/grbl32/stm32" -Os -ffunction-sections -fdata-sections -Wall -fstack-usage -MMD -MP -MF"grbl/settings.d" -MT"grbl/settings.o" --specs=nano.specs -mfpu=fpv4-sp-d16 -mfloat-abi=hard -mthumb -o "grbl/settings.o"
arm-none-eabi-gcc -c "C:/Users/wolfg/git/grbl32/grbl/spindle_control.c" -mcpu=cortex-m4 -std=gnu11 -g3 -DUSE_FULL_LL_DRIVER '-D__weak=__attribute__((weak))' '-D__packed=__attribute__((__packed__))' -DUSE_HAL_DRIVER -DSTM32F407xx -DSTM32 -DSTM32F4 -DSTM32F46 -DSTM32F4_6 -c -I../Inc -I../Drivers/STM32F4xx_HAL_Driver/Inc -I../Drivers/STM32F4xx_HAL_Driver/Inc/Legacy -I../Drivers/CMSIS/Device/ST/STM32F4xx/Include -I../Drivers/CMSIS/Include -I"C:/Users/wolfg/git/grbl32/grbl" -I"C:/Users/wolfg/git/grbl32/stm32" -Os -ffunction-sections -fdata-sections -Wall -fstack-usage -MMD -MP -MF"grbl/spindle_control.d" -MT"grbl/spindle_control.o" --specs=nano.specs -mfpu=fpv4-sp-d16 -mfloat-abi=hard -mthumb -o "grbl/spindle_control.o"
arm-none-eabi-gcc -c "C:/Users/wolfg/git/grbl32/grbl/stepper.c" -mcpu=cortex-m4 -std=gnu11 -g3 -DUSE_FULL_LL_DRIVER '-D__weak=__attribute__((weak))' '-D__packed=__attribute__((__packed__))' -DUSE_HAL_DRIVER -DSTM32F407xx -DSTM32 -DSTM32F4 -DSTM32F46 -DSTM32F4_6 -c -I../Inc -I../Drivers/STM32F4xx_HAL_Driver/Inc -I../Drivers/STM32F4xx_HAL_Driver/Inc/Legacy -I../Drivers/CMSIS/Device/ST/STM32F4xx/Include -I../Drivers/CMSIS/Include -I"C:/Users/wolfg/git/grbl32/grbl" -I"C:/Users/wolfg/git/grbl32/stm32" -Os -ffunction-sections -fdata-sections -Wall -fstack-usage -MMD -MP -MF"grbl/stepper.d" -MT"grbl/stepper.o" --specs=nano.specs -mfpu=fpv4-sp-d16 -mfloat-abi=hard -mthumb -o "grbl/stepper.o"
arm-none-eabi-gcc -c "C:/Users/wolfg/git/grbl32/grbl/system.c" -mcpu=cortex-m4 -std=gnu11 -g3 -DUSE_FULL_LL_DRIVER '-D__weak=__attribute__((weak))' '-D__packed=__attribute__((__packed__))' -DUSE_HAL_DRIVER -DSTM32F407xx -DSTM32 -DSTM32F4 -DSTM32F46 -DSTM32F4_6 -c -I../Inc -I../Drivers/STM32F4xx_HAL_Driver/Inc -I../Drivers/STM32F4xx_HAL_Driver/Inc/Legacy -I../Drivers/CMSIS/Device/ST/STM32F4xx/Include -I../Drivers/CMSIS/Include -I"C:/Users/wolfg/git/grbl32/grbl" -I"C:/Users/wolfg/git/grbl32/stm32" -Os -ffunction-sections -fdata-sections -Wall -fstack-usage -MMD -MP -MF"grbl/system.d" -MT"grbl/system.o" --specs=nano.specs -mfpu=fpv4-sp-d16 -mfloat-abi=hard -mthumb -o "grbl/system.o"
arm-none-eabi-gcc -c "../Src/gpio.c" -mcpu=cortex-m4 -std=gnu11 -g3 -DUSE_FULL_LL_DRIVER '-D__weak=__attribute__((weak))' '-D__packed=__attribute__((__packed__))' -DUSE_HAL_DRIVER -DSTM32F407xx -DSTM32 -DSTM32F4 -DSTM32F46 -DSTM32F4_6 -c -I../Inc -I../Drivers/STM32F4xx_HAL_Driver/Inc -I../Drivers/STM32F4xx_HAL_Driver/Inc/Legacy -I../Drivers/CMSIS/Device/ST/STM32F4xx/Include -I../Drivers/CMSIS/Include -I"C:/Users/wolfg/git/grbl32/grbl" -I"C:/Users/wolfg/git/grbl32/stm32" -Os -ffunction-sections -fdata-sections -Wall -fstack-usage -MMD -MP -MF"Src/gpio.d" -MT"Src/gpio.o" --specs=nano.specs -mfpu=fpv4-sp-d16 -mfloat-abi=hard -mthumb -o "Src/gpio.o"
arm-none-eabi-gcc -c "../Src/i2c.c" -mcpu=cortex-m4 -std=gnu11 -g3 -DUSE_FULL_LL_DRIVER '-D__weak=__attribute__((weak))' '-D__packed=__attribute__((__packed__))' -DUSE_HAL_DRIVER -DSTM32F407xx -DSTM32 -DSTM32F4 -DSTM32F46 -DSTM32F4_6 -c -I../Inc -I../Drivers/STM32F4xx_HAL_Driver/Inc -I../Drivers/STM32F4xx_HAL_Driver/Inc/Legacy -I../Drivers/CMSIS/Device/ST/STM32F4xx/Include -I../Drivers/CMSIS/Include -I"C:/Users/wolfg/git/grbl32/grbl" -I"C:/Users/wolfg/git/grbl32/stm32" -Os -ffunction-sections -fdata-sections -Wall -fstack-usage -MMD -MP -MF"Src/i2c.d" -MT"Src/i2c.o" --specs=nano.specs -mfpu=fpv4-sp-d16 -mfloat-abi=hard -mthumb -o "Src/i2c.o"
arm-none-eabi-gcc -c "../Src/main.c" -mcpu=cortex-m4 -std=gnu11 -g3 -DUSE_FULL_LL_DRIVER '-D__weak=__attribute__((weak))' '-D__packed=__attribute__((__packed__))' -DUSE_HAL_DRIVER -DSTM32F407xx -DSTM32 -DSTM32F4 -DSTM32F46 -DSTM32F4_6 -c -I../Inc -I../Drivers/STM32F4xx_HAL_Driver/Inc -I../Drivers/STM32F4xx_HAL_Driver/Inc/Legacy -I../Drivers/CMSIS/Device/ST/STM32F4xx/Include -I../Drivers/CMSIS/Include -I"C:/Users/wolfg/git/grbl32/grbl" -I"C:/Users/wolfg/git/grbl32/stm32" -Os -ffunction-sections -fdata-sections -Wall -fstack-usage -MMD -MP -MF"Src/main.d" -MT"Src/main.o" --specs=nano.specs -mfpu=fpv4-sp-d16 -mfloat-abi=hard -mthumb -o "Src/main.o"
arm-none-eabi-gcc -c "../Src/spi.c" -mcpu=cortex-m4 -std=gnu11 -g3 -DUSE_FULL_LL_DRIVER '-D__weak=__attribute__((weak))' '-D__packed=__attribute__((__packed__))' -DUSE_HAL_DRIVER -DSTM32F407xx -DSTM32 -DSTM32F4 -DSTM32F46 -DSTM32F4_6 -c -I../Inc -I../Drivers/STM32F4xx_HAL_Driver/Inc -I../Drivers/STM32F4xx_HAL_Driver/Inc/Legacy -I../Drivers/CMSIS/Device/ST/STM32F4xx/Include -I../Drivers/CMSIS/Include -I"C:/Users/wolfg/git/grbl32/grbl" -I"C:/Users/wolfg/git/grbl32/stm32" -Os -ffunction-sections -fdata-sections -Wall -fstack-usage -MMD -MP -MF"Src/spi.d" -MT"Src/spi.o" --specs=nano.specs -mfpu=fpv4-sp-d16 -mfloat-abi=hard -mthumb -o "Src/spi.o"
arm-none-eabi-gcc -c "../Src/stm32f4xx_hal_msp.c" -mcpu=cortex-m4 -std=gnu11 -g3 -DUSE_FULL_LL_DRIVER '-D__weak=__attribute__((weak))' '-D__packed=__attribute__((__packed__))' -DUSE_HAL_DRIVER -DSTM32F407xx -DSTM32 -DSTM32F4 -DSTM32F46 -DSTM32F4_6 -c -I../Inc -I../Drivers/STM32F4xx_HAL_Driver/Inc -I../Drivers/STM32F4xx_HAL_Driver/Inc/Legacy -I../Drivers/CMSIS/Device/ST/STM32F4xx/Include -I../Drivers/CMSIS/Include -I"C:/Users/wolfg/git/grbl32/grbl" -I"C:/Users/wolfg/git/grbl32/stm32" -Os -ffunction-sections -fdata-sections -Wall -fstack-usage -MMD -MP -MF"Src/stm32f4xx_hal_msp.d" -MT"Src/stm32f4xx_hal_msp.o" --specs=nano.specs -mfpu=fpv4-sp-d16 -mfloat-abi=hard -mthumb -o "Src/stm32f4xx_hal_msp.o"
arm-none-eabi-gcc -c "../Src/stm32f4xx_it.c" -mcpu=cortex-m4 -std=gnu11 -g3 -DUSE_FULL_LL_DRIVER '-D__weak=__attribute__((weak))' '-D__packed=__attribute__((__packed__))' -DUSE_HAL_DRIVER -DSTM32F407xx -DSTM32 -DSTM32F4 -DSTM32F46 -DSTM32F4_6 -c -I../Inc -I../Drivers/STM32F4xx_HAL_Driver/Inc -I../Drivers/STM32F4xx_HAL_Driver/Inc/Legacy -I../Drivers/CMSIS/Device/ST/STM32F4xx/Include -I../Drivers/CMSIS/Include -I"C:/Users/wolfg/git/grbl32/grbl" -I"C:/Users/wolfg/git/grbl32/stm32" -Os -ffunction-sections -fdata-sections -Wall -fstack-usage -MMD -MP -MF"Src/stm32f4xx_it.d" -MT"Src/stm32f4xx_it.o" --specs=nano.specs -mfpu=fpv4-sp-d16 -mfloat-abi=hard -mthumb -o "Src/stm32f4xx_it.o"
arm-none-eabi-gcc -c "../Src/tim.c" -mcpu=cortex-m4 -std=gnu11 -g3 -DUSE_FULL_LL_DRIVER '-D__weak=__attribute__((weak))' '-D__packed=__attribute__((__packed__))' -DUSE_HAL_DRIVER -DSTM32F407xx -DSTM32 -DSTM32F4 -DSTM32F46 -DSTM32F4_6 -c -I../Inc -I../Drivers/STM32F4xx_HAL_Driver/Inc -I../Drivers/STM32F4xx_HAL_Driver/Inc/Legacy -I../Drivers/CMSIS/Device/ST/STM32F4xx/Include -I../Drivers/CMSIS/Include -I"C:/Users/wolfg/git/grbl32/grbl" -I"C:/Users/wolfg/git/grbl32/stm32" -Os -ffunction-sections -fdata-sections -Wall -fstack-usage -MMD -MP -MF"Src/tim.d" -MT"Src/tim.o" --specs=nano.specs -mfpu=fpv4-sp-d16 -mfloat-abi=hard -mthumb -o "Src/tim.o"
arm-none-eabi-gcc -c "../Src/usart.c" -mcpu=cortex-m4 -std=gnu11 -g3 -DUSE_FULL_LL_DRIVER '-D__weak=__attribute__((weak))' '-D__packed=__attribute__((__packed__))' -DUSE_HAL_DRIVER -DSTM32F407xx -DSTM32 -DSTM32F4 -DSTM32F46 -DSTM32F4_6 -c -I../Inc -I../Drivers/STM32F4xx_HAL_Driver/Inc -I../Drivers/STM32F4xx_HAL_Driver/Inc/Legacy -I../Drivers/CMSIS/Device/ST/STM32F4xx/Include -I../Drivers/CMSIS/Include -I"C:/Users/wolfg/git/grbl32/grbl" -I"C:/Users/wolfg/git/grbl32/stm32" -Os -ffunction-sections -fdata-sections -Wall -fstack-usage -MMD -MP -MF"Src/usart.d" -MT"Src/usart.o" --specs=nano.specs -mfpu=fpv4-sp-d16 -mfloat-abi=hard -mthumb -o "Src/usart.o"
arm-none-eabi-gcc -o "F46.elf" @"objects.list"   -mcpu=cortex-m4 -T"../STM32F407VE_FLASH.ld" --specs=nosys.specs -Wl,-Map="F46.map" -Wl,--gc-sections -static --specs=nano.specs -mfpu=fpv4-sp-d16 -mfloat-abi=hard -mthumb -Wl,--start-group -lc -lm -Wl,--end-group
Finished building target: F46.elf
 
arm-none-eabi-size   F46.elf 
   text	   data	    bss	    dec	    hex	filename
  45388	    152	  19124	  64664	   fc98	F46.elf
Finished building: default.size.stdout
 
arm-none-eabi-objdump -h -S  F46.elf  > "F46.list"
Finished building: F46.list
 
arm-none-eabi-objcopy.exe -O ihex "F46.elf" "F46.hex"
 
